2026-09-17T08:33:39.1006268Z Current runner version: '2.337.0'
2026-09-17T08:33:39.1031647Z ##[group]Runner Image Provisioner
2026-09-17T08:33:39.1032720Z Hosted Compute Agent
2026-09-17T08:33:39.1033414Z Version: 20260828.587
2026-09-17T08:33:39.1034136Z Commit: abac92662cab4cc7352de4f9f9d2e2419aad9c29
2026-09-17T08:33:39.1034882Z Build Date: 2026-08-28T16:44:25Z
2026-09-17T08:33:39.1035675Z Worker ID: {84194b11-cac2-400b-ac64-5d1efde4f9f6}
2026-09-17T08:33:39.1036412Z Azure Region: northcentralus
2026-09-17T08:33:39.1037069Z ##[endgroup]
2026-09-17T08:33:39.1038521Z ##[group]Operating System
2026-09-17T08:33:39.1039156Z Ubuntu
2026-09-17T08:33:39.1039766Z 24.04.5
2026-09-17T08:33:39.1040302Z LTS
2026-09-17T08:33:39.1040815Z ##[endgroup]
2026-09-17T08:33:39.1041495Z ##[group]Runner Image
2026-09-17T08:33:39.1042395Z Image: ubuntu-24.04
2026-09-17T08:33:39.1043028Z Version: 20260907.300.1
2026-09-17T08:33:39.1044389Z Included Software: https://github.com/actions/runner-images/blob/ubuntu24/20260907.300/images/ubuntu/Ubuntu2404-Readme.md
2026-09-17T08:33:39.1045982Z Image Release: https://github.com/actions/runner-images/releases/tag/ubuntu24%2F20260907.300
2026-09-17T08:33:39.1047010Z ##[endgroup]
2026-09-17T08:33:39.1048157Z ##[group]GITHUB_TOKEN Permissions
2026-09-17T08:33:39.1050106Z Contents: read
2026-09-17T08:33:39.1050849Z Metadata: read
2026-09-17T08:33:39.1051442Z ##[endgroup]
2026-09-17T08:33:39.1053913Z Secret source: Actions
2026-09-17T08:33:39.1055026Z Cache mode: write
2026-09-17T08:33:39.1055715Z Prepare workflow directory
2026-09-17T08:33:39.1468870Z Prepare all required actions
2026-09-17T08:33:39.1535674Z Getting action download info
2026-09-17T08:33:39.4094364Z Download action repository 'actions/checkout@11d5960a326750d5838078e36cf38b85af677262' (SHA:11d5960a326750d5838078e36cf38b85af677262)
2026-09-17T08:33:39.5188565Z Download action repository 'actions/setup-python@a26af69be951a213d495a4c3e4e4022e16d87065' (SHA:a26af69be951a213d495a4c3e4e4022e16d87065)
2026-09-17T08:33:39.6014093Z Download action repository 'actions/upload-artifact@ea165f8d65b6e75b540449e92b4886f43607fa02' (SHA:ea165f8d65b6e75b540449e92b4886f43607fa02)
2026-09-17T08:33:39.8232642Z Complete job name: runtime-evidence
2026-09-17T08:33:39.8998461Z Node 20 is being deprecated. This workflow is running with Node 24 by default. If you need to temporarily use Node 20, you can set the ACTIONS_ALLOW_USE_UNSECURE_NODE_VERSION=true environment variable. For more information see: https://github.blog/changelog/2025-09-19-deprecation-of-node-20-on-github-actions-runners/
2026-09-17T08:33:39.9007693Z ##[group]Run actions/checkout@11d5960a326750d5838078e36cf38b85af677262
2026-09-17T08:33:39.9008566Z with:
2026-09-17T08:33:39.9009053Z   ref: bf426f1cebca0193110e97ebf65abdbad424578a
2026-09-17T08:33:39.9009680Z   persist-credentials: false
2026-09-17T08:33:39.9010200Z   repository: ed3c/soodles
2026-09-17T08:33:39.9014173Z   token: ***
2026-09-17T08:33:39.9014607Z   ssh-strict: true
2026-09-17T08:33:39.9015054Z   ssh-user: git
2026-09-17T08:33:39.9015478Z   clean: true
2026-09-17T08:33:39.9015956Z   sparse-checkout-cone-mode: true
2026-09-17T08:33:39.9016488Z   fetch-depth: 1
2026-09-17T08:33:39.9016920Z   fetch-tags: false
2026-09-17T08:33:39.9017391Z   show-progress: true
2026-09-17T08:33:39.9017851Z   lfs: false
2026-09-17T08:33:39.9018267Z   submodules: false
2026-09-17T08:33:39.9018725Z   set-safe-directory: true
2026-09-17T08:33:39.9019242Z   allow-unsafe-pr-checkout: false
2026-09-17T08:33:39.9020018Z ##[endgroup]
2026-09-17T08:33:40.0018872Z Syncing repository: ed3c/soodles
2026-09-17T08:33:40.0021267Z ##[group]Getting Git version info
2026-09-17T08:33:40.0022552Z Working directory is '/home/runner/work/soodles/soodles'
2026-09-17T08:33:40.0024166Z [command]/usr/bin/git version
2026-09-17T08:33:40.0078275Z git version 2.55.0
2026-09-17T08:33:40.0098970Z ##[endgroup]
2026-09-17T08:33:40.0114205Z Temporarily overriding HOME='/home/runner/work/_temp/a1bdb1f3-6f40-47a5-9f8e-7f13db71e9ea' before making global git config changes
2026-09-17T08:33:40.0116436Z Adding repository directory to the temporary git global config as a safe directory
2026-09-17T08:33:40.0119031Z [command]/usr/bin/git config --global --add safe.directory /home/runner/work/soodles/soodles
2026-09-17T08:33:40.0181070Z Deleting the contents of '/home/runner/work/soodles/soodles'
2026-09-17T08:33:40.0186923Z ##[group]Initializing the repository
2026-09-17T08:33:40.0191546Z [command]/usr/bin/git init /home/runner/work/soodles/soodles
2026-09-17T08:33:40.0297296Z hint: Using 'master' as the name for the initial branch. This default branch name
2026-09-17T08:33:40.0298862Z hint: will change to "main" in Git 3.0. To configure the initial branch name
2026-09-17T08:33:40.0300666Z hint: to use in all of your new repositories, which will suppress this warning,
2026-09-17T08:33:40.0301807Z hint: call:
2026-09-17T08:33:40.0302475Z hint:
2026-09-17T08:33:40.0302996Z hint: 	git config --global init.defaultBranch <name>
2026-09-17T08:33:40.0303624Z hint:
2026-09-17T08:33:40.0304209Z hint: Names commonly chosen instead of 'master' are 'main', 'trunk' and
2026-09-17T08:33:40.0305364Z hint: 'development'. The just-created branch can be renamed via this command:
2026-09-17T08:33:40.0306352Z hint:
2026-09-17T08:33:40.0306773Z hint: 	git branch -m <name>
2026-09-17T08:33:40.0307243Z hint:
2026-09-17T08:33:40.0307862Z hint: Disable this message with "git config set advice.defaultBranchName false"
2026-09-17T08:33:40.0308843Z Initialized empty Git repository in /home/runner/work/soodles/soodles/.git/
2026-09-17T08:33:40.0313535Z [command]/usr/bin/git remote add origin https://github.com/ed3c/soodles
2026-09-17T08:33:40.0363783Z ##[endgroup]
2026-09-17T08:33:40.0364586Z ##[group]Disabling automatic garbage collection
2026-09-17T08:33:40.0365270Z [command]/usr/bin/git config --local gc.auto 0
2026-09-17T08:33:40.0395833Z ##[endgroup]
2026-09-17T08:33:40.0396595Z ##[group]Setting up auth
2026-09-17T08:33:40.0403912Z [command]/usr/bin/git config --local --name-only --get-regexp core\.sshCommand
2026-09-17T08:33:40.0439978Z [command]/usr/bin/git submodule foreach --recursive sh -c "git config --local --name-only --get-regexp 'core\.sshCommand' && git config --local --unset-all 'core.sshCommand' || :"
2026-09-17T08:33:40.0849610Z [command]/usr/bin/git config --local --name-only --get-regexp http\.https\:\/\/github\.com\/\.extraheader
2026-09-17T08:33:40.0891571Z [command]/usr/bin/git submodule foreach --recursive sh -c "git config --local --name-only --get-regexp 'http\.https\:\/\/github\.com\/\.extraheader' && git config --local --unset-all 'http.https://github.com/.extraheader' || :"
2026-09-17T08:33:40.1164076Z [command]/usr/bin/git config --local --name-only --get-regexp ^includeIf\.gitdir:
2026-09-17T08:33:40.1207281Z [command]/usr/bin/git submodule foreach --recursive git config --local --show-origin --name-only --get-regexp remote.origin.url
2026-09-17T08:33:40.1471197Z [command]/usr/bin/git config --local http.https://github.com/.extraheader AUTHORIZATION: basic ***
2026-09-17T08:33:40.1514430Z ##[endgroup]
2026-09-17T08:33:40.1515887Z ##[group]Fetching the repository
2026-09-17T08:33:40.1524761Z [command]/usr/bin/git -c protocol.version=2 fetch --no-tags --prune --no-recurse-submodules --depth=1 origin bf426f1cebca0193110e97ebf65abdbad424578a
2026-09-17T08:33:40.4879795Z From https://github.com/ed3c/soodles
2026-09-17T08:33:40.4881204Z  * branch            bf426f1cebca0193110e97ebf65abdbad424578a -> FETCH_HEAD
2026-09-17T08:33:40.4884557Z ##[endgroup]
2026-09-17T08:33:40.4885845Z ##[group]Determining the checkout info
2026-09-17T08:33:40.4887578Z ##[endgroup]
2026-09-17T08:33:40.4895400Z [command]/usr/bin/git sparse-checkout disable
2026-09-17T08:33:40.4948133Z [command]/usr/bin/git config --local --unset-all extensions.worktreeConfig
2026-09-17T08:33:40.5019900Z ##[group]Checking out the ref
2026-09-17T08:33:40.5020775Z [command]/usr/bin/git checkout --progress --force bf426f1cebca0193110e97ebf65abdbad424578a
2026-09-17T08:33:40.5226686Z Note: switching to 'bf426f1cebca0193110e97ebf65abdbad424578a'.
2026-09-17T08:33:40.5227923Z 
2026-09-17T08:33:40.5229085Z You are in 'detached HEAD' state. You can look around, make experimental
2026-09-17T08:33:40.5230884Z changes and commit them, and you can discard any commits you make in this
2026-09-17T08:33:40.5232784Z state without impacting any branches by switching back to a branch.
2026-09-17T08:33:40.5233856Z 
2026-09-17T08:33:40.5234549Z If you want to create a new branch to retain commits you create, you may
2026-09-17T08:33:40.5236196Z do so (now or later) by using -c with the switch command. Example:
2026-09-17T08:33:40.5237128Z 
2026-09-17T08:33:40.5237517Z   git switch -c <new-branch-name>
2026-09-17T08:33:40.5238191Z 
2026-09-17T08:33:40.5238609Z Or undo this operation with:
2026-09-17T08:33:40.5239275Z 
2026-09-17T08:33:40.5239631Z   git switch -
2026-09-17T08:33:40.5240093Z 
2026-09-17T08:33:40.5240956Z Turn off this advice by setting config variable advice.detachedHead to false
2026-09-17T08:33:40.5242295Z 
2026-09-17T08:33:40.5244932Z HEAD is now at bf426f1 Document Noodle owner verification so sessions consume measured recovery and handoff evidence
2026-09-17T08:33:40.5248445Z ##[endgroup]
2026-09-17T08:33:40.5250346Z [command]/usr/bin/git log -1 --format=%H
2026-09-17T08:33:40.5251398Z bf426f1cebca0193110e97ebf65abdbad424578a
2026-09-17T08:33:40.5253832Z ##[group]Removing auth
2026-09-17T08:33:40.5254961Z [command]/usr/bin/git config --local --name-only --get-regexp core\.sshCommand
2026-09-17T08:33:40.5289529Z [command]/usr/bin/git submodule foreach --recursive sh -c "git config --local --name-only --get-regexp 'core\.sshCommand' && git config --local --unset-all 'core.sshCommand' || :"
2026-09-17T08:33:40.5550903Z [command]/usr/bin/git config --local --name-only --get-regexp http\.https\:\/\/github\.com\/\.extraheader
2026-09-17T08:33:40.5583575Z http.https://github.com/.extraheader
2026-09-17T08:33:40.5591576Z [command]/usr/bin/git config --local --unset-all http.https://github.com/.extraheader
2026-09-17T08:33:40.5631005Z [command]/usr/bin/git submodule foreach --recursive sh -c "git config --local --name-only --get-regexp 'http\.https\:\/\/github\.com\/\.extraheader' && git config --local --unset-all 'http.https://github.com/.extraheader' || :"
2026-09-17T08:33:40.5871126Z [command]/usr/bin/git config --local --name-only --get-regexp ^includeIf\.gitdir:
2026-09-17T08:33:40.5906466Z [command]/usr/bin/git submodule foreach --recursive git config --local --show-origin --name-only --get-regexp remote.origin.url
2026-09-17T08:33:40.6143776Z ##[endgroup]
2026-09-17T08:33:40.6573561Z Node 20 is being deprecated. This workflow is running with Node 24 by default. If you need to temporarily use Node 20, you can set the ACTIONS_ALLOW_USE_UNSECURE_NODE_VERSION=true environment variable. For more information see: https://github.blog/changelog/2025-09-19-deprecation-of-node-20-on-github-actions-runners/
2026-09-17T08:33:40.6579992Z ##[group]Run actions/setup-python@a26af69be951a213d495a4c3e4e4022e16d87065
2026-09-17T08:33:40.6581631Z with:
2026-09-17T08:33:40.6582792Z   python-version: 3.12
2026-09-17T08:33:40.6583814Z   check-latest: false
2026-09-17T08:33:40.6592844Z   token: ***
2026-09-17T08:33:40.6593754Z   update-environment: true
2026-09-17T08:33:40.6594800Z   allow-prereleases: false
2026-09-17T08:33:40.6595811Z   freethreaded: false
2026-09-17T08:33:40.6596722Z ##[endgroup]
2026-09-17T08:33:40.7960878Z ##[group]Installed versions
2026-09-17T08:33:40.8043306Z (node:2336) [DEP0040] DeprecationWarning: The `punycode` module is deprecated. Please use a userland alternative instead.
2026-09-17T08:33:40.8047118Z (Use `node --trace-deprecation ...` to show where the warning was created)
2026-09-17T08:33:40.8049540Z Successfully set up CPython (3.12.14)
2026-09-17T08:33:40.8052182Z ##[endgroup]
2026-09-17T08:33:40.8278765Z ##[group]Run python3 -B - <<'PY'
2026-09-17T08:33:40.8280014Z [36;1mpython3 -B - <<'PY'[0m
2026-09-17T08:33:40.8281470Z [36;1mimport hashlib, io, json, os, pathlib, tarfile, urllib.request[0m
2026-09-17T08:33:40.8283322Z [36;1mimport soodles[0m
2026-09-17T08:33:40.8284442Z [36;1mlock = soodles.load_lock(pathlib.Path.cwd())[0m
2026-09-17T08:33:40.8285953Z [36;1mdef fetch(url):[0m
2026-09-17T08:33:40.8287705Z [36;1m    request = urllib.request.Request(url, headers={'User-Agent': 'soodles-runtime-bootstrap'})[0m
2026-09-17T08:33:40.8290031Z [36;1m    with urllib.request.urlopen(request, timeout=60) as response:[0m
2026-09-17T08:33:40.8291584Z [36;1m        return response.read()[0m
2026-09-17T08:33:40.8293162Z [36;1mapi = 'https://api.github.com/repos/' + lock['repository'][0m
2026-09-17T08:33:40.8295053Z [36;1mrelease = json.loads(fetch(api + '/releases/tags/' + lock['release']))[0m
2026-09-17T08:33:40.8297099Z [36;1mcommit = json.loads(fetch(api + '/commits/' + lock['release']))[0m
2026-09-17T08:33:40.8298802Z [36;1massert release['tag_name'] == lock['release'][0m
2026-09-17T08:33:40.8300547Z [36;1massert commit['sha'] == lock['commit'], 'release commit differs from lock'[0m
2026-09-17T08:33:40.8302797Z [36;1massets = [a for a in release['assets'] if a['name'] == lock['asset_name']][0m
2026-09-17T08:33:40.8304805Z [36;1massert len(assets) == 1, 'release asset is absent or ambiguous'[0m
2026-09-17T08:33:40.8306636Z [36;1massert assets[0]['digest'] == 'sha256:' + lock['asset_sha256'][0m
2026-09-17T08:33:40.8310184Z [36;1murl = 'https://github.com/' + lock['repository'] + '/releases/download/' + lock['release'] + '/' + lock['asset_name'][0m
2026-09-17T08:33:40.8313518Z [36;1marchive = fetch(url)[0m
2026-09-17T08:33:40.8316118Z [36;1massert hashlib.sha256(archive).hexdigest() == lock['asset_sha256'], 'archive digest differs'[0m
2026-09-17T08:33:40.8319447Z [36;1mwith tarfile.open(fileobj=io.BytesIO(archive)) as tar:[0m
2026-09-17T08:33:40.8322420Z [36;1m    members = [m for m in tar.getmembers() if m.name == 'noodle' and m.isfile()][0m
2026-09-17T08:33:40.8325320Z [36;1m    assert len(members) == 1, 'binary member is absent or ambiguous'[0m
2026-09-17T08:33:40.8327717Z [36;1m    binary = tar.extractfile(members[0]).read()[0m
2026-09-17T08:33:40.8330578Z [36;1massert hashlib.sha256(binary).hexdigest() == lock['binary_sha256'], 'binary digest differs'[0m
2026-09-17T08:33:40.8334988Z [36;1mdirectory = pathlib.Path(os.environ['RUNNER_TEMP']) / 'soodles-runtime'[0m
2026-09-17T08:33:40.8337350Z [36;1mdirectory.mkdir()[0m
2026-09-17T08:33:40.8338404Z [36;1mtarget = directory / 'noodle'[0m
2026-09-17T08:33:40.8339598Z [36;1mtarget.write_bytes(binary)[0m
2026-09-17T08:33:40.8340719Z [36;1mtarget.chmod(0o755)[0m
2026-09-17T08:33:40.8342748Z [36;1mreceipt = {'release': release['tag_name'], 'commit': commit['sha'], 'asset': assets[0]['name'],[0m
2026-09-17T08:33:40.8346154Z [36;1m           'archive_sha256': lock['asset_sha256'], 'binary_sha256': lock['binary_sha256'],[0m
2026-09-17T08:33:40.8350254Z [36;1m           'authorizes_landing': False}[0m
2026-09-17T08:33:40.8353443Z [36;1m(directory / 'release.json').write_text(json.dumps(receipt, indent=2) + '\n')[0m
2026-09-17T08:33:40.8356162Z [36;1mprint(json.dumps(receipt))[0m
2026-09-17T08:33:40.8357518Z [36;1mPY[0m
2026-09-17T08:33:40.8427213Z shell: /usr/bin/bash -e {0}
2026-09-17T08:33:40.8428249Z env:
2026-09-17T08:33:40.8429282Z   pythonLocation: /opt/hostedtoolcache/Python/3.12.14/x64
2026-09-17T08:33:40.8431024Z   PKG_CONFIG_PATH: /opt/hostedtoolcache/Python/3.12.14/x64/lib/pkgconfig
2026-09-17T08:33:40.8432972Z   Python_ROOT_DIR: /opt/hostedtoolcache/Python/3.12.14/x64
2026-09-17T08:33:40.8434535Z   Python2_ROOT_DIR: /opt/hostedtoolcache/Python/3.12.14/x64
2026-09-17T08:33:40.8436095Z   Python3_ROOT_DIR: /opt/hostedtoolcache/Python/3.12.14/x64
2026-09-17T08:33:40.8437655Z   LD_LIBRARY_PATH: /opt/hostedtoolcache/Python/3.12.14/x64/lib
2026-09-17T08:33:40.8438990Z ##[endgroup]
2026-09-17T08:33:41.6338191Z {"release": "v0.1.19", "commit": "391f3154c680fc6724b8cdabf6bcec831b61065d", "asset": "noodle_linux_amd64.tar.gz", "archive_sha256": "7852810f757be494a4233d893982da62b551f7837f2ac24529ce97ae44cf25cb", "binary_sha256": "9f1354bea227a5e71fa36260645fa6102f1474f9fba170f9a76ad9f6dd678472", "authorizes_landing": false}
2026-09-17T08:33:41.6515662Z ##[group]Run test "$(git rev-parse HEAD)" = "$EXPECTED_HEAD"
2026-09-17T08:33:41.6516322Z [36;1mtest "$(git rev-parse HEAD)" = "$EXPECTED_HEAD"[0m
2026-09-17T08:33:41.6517111Z [36;1m./soodles acceptance verify "$RUNNER_TEMP/soodles-runtime/noodle" > "$RUNNER_TEMP/soodles-runtime/acceptance.json"[0m
2026-09-17T08:33:41.6518474Z [36;1mpython3 -c 'import json,sys; r=json.load(open(sys.argv[1])); print(json.dumps({"candidate":r["candidate"],"zero_residue":r["physical"]["zero_residue"],"authorizes_landing":r["authorizes_landing"]}))' "$RUNNER_TEMP/soodles-runtime/acceptance.json"[0m
2026-09-17T08:33:41.6561527Z shell: /usr/bin/bash -e {0}
2026-09-17T08:33:41.6562160Z env:
2026-09-17T08:33:41.6562646Z   pythonLocation: /opt/hostedtoolcache/Python/3.12.14/x64
2026-09-17T08:33:41.6563293Z   PKG_CONFIG_PATH: /opt/hostedtoolcache/Python/3.12.14/x64/lib/pkgconfig
2026-09-17T08:33:41.6563921Z   Python_ROOT_DIR: /opt/hostedtoolcache/Python/3.12.14/x64
2026-09-17T08:33:41.6564574Z   Python2_ROOT_DIR: /opt/hostedtoolcache/Python/3.12.14/x64
2026-09-17T08:33:41.6565147Z   Python3_ROOT_DIR: /opt/hostedtoolcache/Python/3.12.14/x64
2026-09-17T08:33:41.6565739Z   LD_LIBRARY_PATH: /opt/hostedtoolcache/Python/3.12.14/x64/lib
2026-09-17T08:33:41.6566308Z   EXPECTED_HEAD: bf426f1cebca0193110e97ebf65abdbad424578a
2026-09-17T08:33:41.6566811Z ##[endgroup]
2026-09-17T08:33:45.8055550Z test_admitted_version_is_observed_not_inferred_from_filename (test_admission.AdmissionTests.test_admitted_version_is_observed_not_inferred_from_filename) ... ok
2026-09-17T08:33:45.8057356Z test_all_command_help_routes_are_noninteractive (test_admission.AdmissionTests.test_all_command_help_routes_are_noninteractive) ... ok
2026-09-17T08:33:45.8058959Z test_dirty_candidate_rejects_before_binary_and_tests (test_admission.AdmissionTests.test_dirty_candidate_rejects_before_binary_and_tests) ... ok
2026-09-17T08:33:45.8060770Z test_fixture_environment_drops_provider_and_live_noodle_identity (test_admission.AdmissionTests.test_fixture_environment_drops_provider_and_live_noodle_identity) ... ok
2026-09-17T08:33:45.8062639Z test_missing_binary_does_not_fall_back_to_path (test_admission.AdmissionTests.test_missing_binary_does_not_fall_back_to_path) ... ok
2026-09-17T08:33:45.8063958Z test_missing_required_binary_is_actionable (test_admission.AdmissionTests.test_missing_required_binary_is_actionable) ... ok
2026-09-17T08:33:45.8064866Z test_unsupported_host_refuses_before_execution (test_admission.AdmissionTests.test_unsupported_host_refuses_before_execution) ... ok
2026-09-17T08:33:45.8065820Z test_wrong_digest_refuses_before_executable_sentinel (test_admission.AdmissionTests.test_wrong_digest_refuses_before_executable_sentinel) ... ok
2026-09-17T08:33:45.8066790Z test_wrong_observed_version_refuses_worktree_execution (test_admission.AdmissionTests.test_wrong_observed_version_refuses_worktree_execution) ... ok
2026-09-17T08:33:45.8067761Z test_wrong_repository_and_unknown_policy_fields_refuse (test_admission.AdmissionTests.test_wrong_repository_and_unknown_policy_fields_refuse) ... ok
2026-09-17T08:33:45.8068722Z test_duplicate_label_refuses_before_effect (test_context_recording.ContextRecordingTests.test_duplicate_label_refuses_before_effect) ... ok
2026-09-17T08:33:45.8069775Z test_long_non_path_argument_does_not_lose_command_receipt (test_context_recording.ContextRecordingTests.test_long_non_path_argument_does_not_lose_command_receipt) ... ok
2026-09-17T08:33:45.8070766Z test_missing_executable_is_not_zero (test_context_recording.ContextRecordingTests.test_missing_executable_is_not_zero) ... ok
2026-09-17T08:33:45.8071862Z test_records_real_nonzero_and_file_change_without_inventing_success (test_context_recording.ContextRecordingTests.test_records_real_nonzero_and_file_change_without_inventing_success) ... ok
2026-09-17T08:33:45.8073445Z test_snapshot_error_after_effect_preserves_result (test_context_recording.ContextRecordingTests.test_snapshot_error_after_effect_preserves_result) ... ok
2026-09-17T08:33:45.8074859Z test_timeout_retains_output_and_waits_for_killed_child (test_context_recording.ContextRecordingTests.test_timeout_retains_output_and_waits_for_killed_child) ... ok
2026-09-17T08:33:45.8076028Z test_304_revalidates_same_identity_and_bytes (test_github_reader.GithubReaderTests.test_304_revalidates_same_identity_and_bytes) ... ok
2026-09-17T08:33:45.8076815Z test_authenticated_non_case (test_github_reader.GithubReaderTests.test_authenticated_non_case) ... ok
2026-09-17T08:33:45.8077621Z test_changed_identity_never_reuses_cache (test_github_reader.GithubReaderTests.test_changed_identity_never_reuses_cache) ... ok
2026-09-17T08:33:45.8078521Z test_cli_missing_credential_names_owner_and_help (test_github_reader.GithubReaderTests.test_cli_missing_credential_names_owner_and_help) ... ok
2026-09-17T08:33:45.8079472Z test_cli_quota_wait_reports_exit_75_without_network (test_github_reader.GithubReaderTests.test_cli_quota_wait_reports_exit_75_without_network) ... ok
2026-09-17T08:33:45.8080376Z test_corrupt_cache_requires_fresh_bytes (test_github_reader.GithubReaderTests.test_corrupt_cache_requires_fresh_bytes) ... ok
2026-09-17T08:33:45.8081225Z test_credential_not_forwarded_on_redirect (test_github_reader.GithubReaderTests.test_credential_not_forwarded_on_redirect) ... ok
2026-09-17T08:33:45.8082612Z test_expired_wait_allows_authenticated_non_case (test_github_reader.GithubReaderTests.test_expired_wait_allows_authenticated_non_case) ... ok
2026-09-17T08:33:45.8084230Z test_header_control_characters_refused_before_transport (test_github_reader.GithubReaderTests.test_header_control_characters_refused_before_transport) ... ok
2026-09-17T08:33:45.8085816Z test_invalid_credential_no_fallback_or_secret_output (test_github_reader.GithubReaderTests.test_invalid_credential_no_fallback_or_secret_output) ... ok
2026-09-17T08:33:45.8087295Z test_no_anonymous_request_without_credentials (test_github_reader.GithubReaderTests.test_no_anonymous_request_without_credentials) ... ok
2026-09-17T08:33:45.8088854Z test_opaque_provider_credential_is_a_legal_non_case (test_github_reader.GithubReaderTests.test_opaque_provider_credential_is_a_legal_non_case) ... ok
2026-09-17T08:33:45.8090602Z test_provider_failure_never_returns_stale_cache (test_github_reader.GithubReaderTests.test_provider_failure_never_returns_stale_cache) ... ok
2026-09-17T08:33:45.8092444Z test_quota_wait_has_no_retry_and_blocks_next_call (test_github_reader.GithubReaderTests.test_quota_wait_has_no_retry_and_blocks_next_call) ... ok
2026-09-17T08:33:45.8094143Z test_retry_after_wait_and_no_missing_deadline_inference (test_github_reader.GithubReaderTests.test_retry_after_wait_and_no_missing_deadline_inference) ... ok
2026-09-17T08:33:45.8095677Z test_wrong_issue_identity_refused (test_github_reader.GithubReaderTests.test_wrong_issue_identity_refused) ... ok
2026-09-17T08:33:45.8097361Z test_actual_git_rename_and_delete_check_both_endpoints (test_issue_admission.IssueAdmissionTests.test_actual_git_rename_and_delete_check_both_endpoints) ... ok
2026-09-17T08:33:45.8099507Z test_candidate_local_or_changed_envelope_cannot_replace_fixed_external_bytes (test_issue_admission.IssueAdmissionTests.test_candidate_local_or_changed_envelope_cannot_replace_fixed_external_bytes) ... ok
2026-09-17T08:33:45.8101769Z test_current_body_digest_cannot_grant_missing_or_wider_authority (test_issue_admission.IssueAdmissionTests.test_current_body_digest_cannot_grant_missing_or_wider_authority) ... ok
2026-09-17T08:33:45.8104235Z test_current_provider_binding_is_normalized_but_non_authorizing (test_issue_admission.IssueAdmissionTests.test_current_provider_binding_is_normalized_but_non_authorizing) ... ok
2026-09-17T08:33:45.8106349Z test_human_template_and_machine_contract_have_the_same_fields (test_issue_admission.IssueAdmissionTests.test_human_template_and_machine_contract_have_the_same_fields) ... ok
2026-09-17T08:33:45.8108486Z test_identity_is_derived_from_provider_fields_not_title_or_prose (test_issue_admission.IssueAdmissionTests.test_identity_is_derived_from_provider_fields_not_title_or_prose) ... ok
2026-09-17T08:33:45.8110988Z test_invalid_paths_and_duplicate_paths_refuse (test_issue_admission.IssueAdmissionTests.test_invalid_paths_and_duplicate_paths_refuse) ... ok
2026-09-17T08:33:45.8112821Z test_one_active_contract_is_required (test_issue_admission.IssueAdmissionTests.test_one_active_contract_is_required) ... ok
2026-09-17T08:33:45.8114644Z test_whole_body_and_revision_changes_require_fresh_envelope (test_issue_admission.IssueAdmissionTests.test_whole_body_and_revision_changes_require_fresh_envelope) ... ok
2026-09-17T08:33:45.8116743Z test_both_real_entry_functions_consume_same_normalized_binding (test_issue_execution.IssueExecutionTests.test_both_real_entry_functions_consume_same_normalized_binding) ... ok
2026-09-17T08:33:45.8118800Z test_clean_descendant_is_not_the_selected_starting_head (test_issue_execution.IssueExecutionTests.test_clean_descendant_is_not_the_selected_starting_head) ... ok
2026-09-17T08:33:45.8120892Z test_cli_missing_supervisor_input_is_structured_and_has_no_effect (test_issue_execution.IssueExecutionTests.test_cli_missing_supervisor_input_is_structured_and_has_no_effect) ... ok
2026-09-17T08:33:45.8123260Z test_completed_label_cannot_hide_a_live_process_group (test_issue_execution.IssueExecutionTests.test_completed_label_cannot_hide_a_live_process_group) ... ok
2026-09-17T08:33:45.8125327Z test_illegal_binding_refuses_both_routes_before_mailbox_effects (test_issue_execution.IssueExecutionTests.test_illegal_binding_refuses_both_routes_before_mailbox_effects) ... ok
2026-09-17T08:33:45.8127556Z test_live_writer_refuses_supervised_takeover_without_resetting_history (test_issue_execution.IssueExecutionTests.test_live_writer_refuses_supervised_takeover_without_resetting_history) ... ok
2026-09-17T08:33:45.8129767Z test_network_failure_names_provider_readback_without_mailbox_effects (test_issue_execution.IssueExecutionTests.test_network_failure_names_provider_readback_without_mailbox_effects) ... ok
2026-09-17T08:33:45.8132172Z test_real_scheduler_provider_entry_also_revalidates_before_launch (test_issue_execution.IssueExecutionTests.test_real_scheduler_provider_entry_also_revalidates_before_launch) ... ok
2026-09-17T08:33:45.8134472Z test_repeated_publication_preserves_one_mailbox_and_prior_admission (test_issue_execution.IssueExecutionTests.test_repeated_publication_preserves_one_mailbox_and_prior_admission) ... ok
2026-09-17T08:33:45.8136844Z test_shared_default_reader_admits_then_reuses_without_duplicate_mailbox (test_issue_execution.IssueExecutionTests.test_shared_default_reader_admits_then_reuses_without_duplicate_mailbox) ... ok
2026-09-17T08:33:45.8139081Z test_shared_default_reader_quota_preserves_mailbox_and_worker (test_issue_execution.IssueExecutionTests.test_shared_default_reader_quota_preserves_mailbox_and_worker) ... ok
2026-09-17T08:33:45.8141429Z test_stale_body_continuation_preserves_entry_and_requires_supervisor_rebinding (test_issue_execution.IssueExecutionTests.test_stale_body_continuation_preserves_entry_and_requires_supervisor_rebinding) ... ok
2026-09-17T08:33:45.8143880Z test_unknown_owner_revision_refuses_before_publication (test_issue_execution.IssueExecutionTests.test_unknown_owner_revision_refuses_before_publication) ... ok
2026-09-17T08:33:45.8146031Z test_worker_refusal_keeps_owner_dispatch_instead_of_offering_another_writer (test_issue_execution.IssueExecutionTests.test_worker_refusal_keeps_owner_dispatch_instead_of_offering_another_writer) ... ok
2026-09-17T08:33:45.8148228Z test_worker_rejects_foreign_dispatch_and_changed_executable (test_issue_execution.IssueExecutionTests.test_worker_rejects_foreign_dispatch_and_changed_executable) ... ok
2026-09-17T08:33:45.8150292Z test_worker_revalidates_live_body_before_executable_effect (test_issue_execution.IssueExecutionTests.test_worker_revalidates_live_body_before_executable_effect) ... ok
2026-09-17T08:33:45.8152476Z test_body_amendment_refuses_prepared_dispatch_without_offer (test_landing.BoundLandingTests.test_body_amendment_refuses_prepared_dispatch_without_offer) ... ok
2026-09-17T08:33:45.8154660Z test_closure_metadata_is_legal_but_body_change_still_refuses (test_landing.BoundLandingTests.test_closure_metadata_is_legal_but_body_change_still_refuses) ... ok
2026-09-17T08:33:45.8156901Z test_completed_bound_order_can_reconcile_and_clean_fixture_worktree (test_landing.BoundLandingTests.test_completed_bound_order_can_reconcile_and_clean_fixture_worktree) ... ok
2026-09-17T08:33:45.8158966Z test_missing_binding_refuses_marked_contract_before_checkpoint (test_landing.BoundLandingTests.test_missing_binding_refuses_marked_contract_before_checkpoint) ... ok
2026-09-17T08:33:45.8160921Z test_outside_delivery_paths_refuse_and_current_paths_pass (test_landing.BoundLandingTests.test_outside_delivery_paths_refuse_and_current_paths_pass) ... ok
2026-09-17T08:33:45.8163142Z test_provider_closure_cannot_resolve_before_original_noodle_order (test_landing.BoundLandingTests.test_provider_closure_cannot_resolve_before_original_noodle_order) ... ok
2026-09-17T08:33:45.8165194Z test_amendment_allows_forward_base_but_preserves_ancestry_controls (test_landing.LandingTests.test_amendment_allows_forward_base_but_preserves_ancestry_controls) ... ok
2026-09-17T08:33:45.8167236Z test_amendment_record_cannot_launder_corrupt_identity_or_unknown_writes (test_landing.LandingTests.test_amendment_record_cannot_launder_corrupt_identity_or_unknown_writes) ... ok
2026-09-17T08:33:45.8169354Z test_base_advances_again_requires_ancestry_from_observed_recovery_base (test_landing.LandingTests.test_base_advances_again_requires_ancestry_from_observed_recovery_base) ... ok
2026-09-17T08:33:45.8171383Z test_checkpoint_cannot_be_overwritten_or_head_retargeted (test_landing.LandingTests.test_checkpoint_cannot_be_overwritten_or_head_retargeted) ... ok
2026-09-17T08:33:45.8173380Z test_cli_help_and_malformed_input_refuse_before_checkpoint (test_landing.LandingTests.test_cli_help_and_malformed_input_refuse_before_checkpoint) ... ok
2026-09-17T08:33:45.8175433Z test_comparison_guidance_preserves_fresh_claim_and_rejects_unconfirmed_endpoint (test_landing.LandingTests.test_comparison_guidance_preserves_fresh_claim_and_rejects_unconfirmed_endpoint) ... ok
2026-09-17T08:33:45.8177912Z test_corrected_verifier_resume_preserves_identity_and_cannot_repeat_provider_writes (test_landing.LandingTests.test_corrected_verifier_resume_preserves_identity_and_cannot_repeat_provider_writes) ... ok
2026-09-17T08:33:45.8180266Z test_crash_after_merge_and_close_resumes_by_readback_without_duplicate_write (test_landing.LandingTests.test_crash_after_merge_and_close_resumes_by_readback_without_duplicate_write) ... ok
2026-09-17T08:33:45.8189100Z test_dirty_root_and_wrong_origin_refuse_before_runtime_or_cleanup (test_landing.LandingTests.test_dirty_root_and_wrong_origin_refuse_before_runtime_or_cleanup) ... ok
2026-09-17T08:33:45.8190446Z test_dispatch_base_drift_invalidates_without_emitting_or_reusing_old_acceptance (test_landing.LandingTests.test_dispatch_base_drift_invalidates_without_emitting_or_reusing_old_acceptance) ... ok
2026-09-17T08:33:45.8191837Z test_foreign_merge_parent_or_tree_cannot_close_issue (test_landing.LandingTests.test_foreign_merge_parent_or_tree_cannot_close_issue) ... ok
2026-09-17T08:33:45.8193716Z test_foreign_repository_tree_base_and_skipped_step_refuse (test_landing.LandingTests.test_foreign_repository_tree_base_and_skipped_step_refuse) ... ok
2026-09-17T08:33:45.8195005Z test_fresh_admission_rejects_identity_changes_stale_acceptance_and_bad_ancestry (test_landing.LandingTests.test_fresh_admission_rejects_identity_changes_stale_acceptance_and_bad_ancestry) ... ok
2026-09-17T08:33:45.8196275Z test_intent_is_persisted_before_exact_head_request_and_no_unchanged_retry (test_landing.LandingTests.test_intent_is_persisted_before_exact_head_request_and_no_unchanged_retry) ... ok
2026-09-17T08:33:45.8197454Z test_invalidation_retains_legacy_empty_admission_and_base_recovery (test_landing.LandingTests.test_invalidation_retains_legacy_empty_admission_and_base_recovery) ... ok
2026-09-17T08:33:45.8198922Z test_legacy_admitted_can_recover_but_legacy_pending_remains_unknown (test_landing.LandingTests.test_legacy_admitted_can_recover_but_legacy_pending_remains_unknown) ... ok
2026-09-17T08:33:45.8200904Z test_legacy_unknown_preserves_identity_and_cleanup_evidence (test_landing.LandingTests.test_legacy_unknown_preserves_identity_and_cleanup_evidence) ... ok
2026-09-17T08:33:45.8202584Z test_malformed_comparison_refuses_exact_field_without_traceback_or_checkpoint_change (test_landing.LandingTests.test_malformed_comparison_refuses_exact_field_without_traceback_or_checkpoint_change) ... ok
2026-09-17T08:33:45.8204217Z test_merged_readback_readmit_retains_fresh_claim_without_adopting_provider_effect (test_landing.LandingTests.test_merged_readback_readmit_retains_fresh_claim_without_adopting_provider_effect) ... ok
2026-09-17T08:33:45.8205762Z test_merged_readback_start_keeps_confirmed_claim_without_creating_checkpoint (test_landing.LandingTests.test_merged_readback_start_keeps_confirmed_claim_without_creating_checkpoint) ... ok
2026-09-17T08:33:45.8207155Z test_missing_or_inconsistent_delivery_evidence_cannot_dispatch (test_landing.LandingTests.test_missing_or_inconsistent_delivery_evidence_cannot_dispatch) ... ok
2026-09-17T08:33:45.8208621Z test_network_child_keeps_proxy_route_without_provider_or_git_injection (test_landing.LandingTests.test_network_child_keeps_proxy_route_without_provider_or_git_injection) ... ok
2026-09-17T08:33:45.8210254Z test_owner_projection_names_missing_input_without_executable_placeholder (test_landing.LandingTests.test_owner_projection_names_missing_input_without_executable_placeholder) ... ok
2026-09-17T08:33:45.8211669Z test_parser_and_refusal_help_are_bound_to_invoked_action (test_landing.LandingTests.test_parser_and_refusal_help_are_bound_to_invoked_action) ... ok
2026-09-17T08:33:45.8213194Z test_prepared_but_unoffered_provider_effect_cannot_be_adopted (test_landing.LandingTests.test_prepared_but_unoffered_provider_effect_cannot_be_adopted) ... ok
2026-09-17T08:33:45.8215070Z test_prepared_intent_is_not_an_offer_and_requires_fresh_identity (test_landing.LandingTests.test_prepared_intent_is_not_an_offer_and_requires_fresh_identity) ... ok
2026-09-17T08:33:45.8216275Z test_reconciliation_cannot_start_before_provider_closure (test_landing.LandingTests.test_reconciliation_cannot_start_before_provider_closure) ... ok
2026-09-17T08:33:45.8217627Z test_recovery_requires_forward_complete_comparison_and_original_subject (test_landing.LandingTests.test_recovery_requires_forward_complete_comparison_and_original_subject) ... ok
2026-09-17T08:33:45.8218982Z test_supervisor_withdraws_green_without_new_ci_or_provider_write (test_landing.LandingTests.test_supervisor_withdraws_green_without_new_ci_or_provider_write) ... ok
2026-09-17T08:33:45.8220306Z test_terminal_has_no_next_or_checkpoint_rewrite_and_reconciling_names_binary (test_landing.LandingTests.test_terminal_has_no_next_or_checkpoint_rewrite_and_reconciling_names_binary) ... ok
2026-09-17T08:33:45.8221756Z test_unoffered_external_merge_or_closure_cannot_resolve_this_checkpoint (test_landing.LandingTests.test_unoffered_external_merge_or_closure_cannot_resolve_this_checkpoint) ... ok
2026-09-17T08:33:45.8223315Z test_wrong_claim_fields_identity_and_verifier_cannot_admit (test_landing.LandingTests.test_wrong_claim_fields_identity_and_verifier_cannot_admit) ... ok
2026-09-17T08:33:45.8224620Z test_wrong_closure_reason_and_closed_unmerged_do_not_resolve (test_landing.LandingTests.test_wrong_closure_reason_and_closed_unmerged_do_not_resolve) ... ok
2026-09-17T08:33:45.8225895Z test_wrong_provider_identities_fail_before_checkpoint (test_landing.LandingTests.test_wrong_provider_identities_fail_before_checkpoint) ... ok
2026-09-17T08:33:45.8227022Z test_analyzer_failure_cannot_be_interpreted_as_no_findings (test_quality.QualityTests.test_analyzer_failure_cannot_be_interpreted_as_no_findings) ... ok
2026-09-17T08:33:45.8228397Z test_exact_same_head_allowed_but_output_inside_subject_refused (test_quality.QualityTests.test_exact_same_head_allowed_but_output_inside_subject_refused) ... ok
2026-09-17T08:33:45.8229851Z test_invalid_subject_refused_before_output_or_dependency_import (test_quality.QualityTests.test_invalid_subject_refused_before_output_or_dependency_import) ... ok
2026-09-17T08:33:45.8231116Z test_new_source_is_visible_in_unclassified_scope (test_quality.QualityTests.test_new_source_is_visible_in_unclassified_scope) ... ok
2026-09-17T08:33:45.8232443Z test_pending_time_is_not_zero_and_steps_are_not_summed_into_job_time (test_quality.QualityTests.test_pending_time_is_not_zero_and_steps_are_not_summed_into_job_time) ... ok
2026-09-17T08:33:45.8233897Z test_counts_separate_control_refusal_from_failure_and_keep_guard_repeats (test_verify_skill.VerificationSkillTests.test_counts_separate_control_refusal_from_failure_and_keep_guard_repeats) ... ok
2026-09-17T08:33:45.8235175Z test_output_refusal_precedes_directory_creation (test_verify_skill.VerificationSkillTests.test_output_refusal_precedes_directory_creation) ... ok
2026-09-17T08:33:45.8236313Z test_resolution_requires_exact_local_skill (test_verify_skill.VerificationSkillTests.test_resolution_requires_exact_local_skill) ... ok
2026-09-17T08:33:45.8236899Z 
2026-09-17T08:33:45.8237089Z ----------------------------------------------------------------------
2026-09-17T08:33:45.8237467Z Ran 105 tests in 3.648s
2026-09-17T08:33:45.8237627Z 
2026-09-17T08:33:45.8237752Z OK
2026-09-17T08:34:19.7084501Z {"delivery_recovery": [{"case": "prepared_sigkill_resume", "signal": "SIGKILL", "first_dispatches": 1}, {"case": "merge_commit_readback_recovery", "malformed_controls": 14, "invalid_sha_controls": 5, "foreign_stale_controls": 2, "legacy_history_preserved": true, "provider_fixture": true}, {"case": "lost_response_and_close_prepare_crash", "provider_fixture_effects": 2, "phase": "awaiting_reconcile"}, {"case": "dispatch_gap_unknown", "signal": "SIGKILL", "reoffers": 0}, {"case": "concurrent_dispatch", "processes": 2, "requests": 1}, {"case": "legacy_unknown", "merge_and_close_reoffers": 0}, {"case": "head_drift", "requests": 0, "checkpoint_unchanged": true}, {"case": "structured_owner_refusal", "conflicting_routes": 0, "provider_requests": 0}, {"case": "terminal_projection", "next": null, "checkpoint_unchanged": true}]}
2026-09-17T08:34:19.7088663Z {"cleanup_lock_recovery": [{"case": "lock_release", "control": "passed", "zero_residue": true, "injected_noodle_signal": "SIGKILL", "lock_refusal_before_deletion": true}, {"case": "legacy_unknown", "control": "passed", "zero_residue": true, "injected_noodle_signal": "SIGKILL", "lock_refusal_before_deletion": true}, {"case": "consumed_release", "control": "passed", "zero_residue": true, "injected_noodle_signal": "SIGKILL", "lock_refusal_before_deletion": true}, {"case": "moved_after_block", "control": "passed", "zero_residue": true, "injected_noodle_signal": "SIGKILL", "lock_refusal_before_deletion": true}]}
2026-09-17T08:34:19.7091902Z {"cleanup_recovery": [{"case": "resume", "injected_noodle_signal": "SIGKILL", "control": "passed", "zero_residue": true}, {"case": "moved_branch", "injected_noodle_signal": "SIGKILL", "control": "passed", "zero_residue": true}, {"case": "foreign_checkout", "injected_noodle_signal": "SIGKILL", "control": "passed", "zero_residue": true}, {"case": "unchanged_attempt", "injected_noodle_signal": "SIGKILL", "control": "passed", "zero_residue": true}, {"case": "legacy_checkpoint", "injected_noodle_signal": "SIGKILL", "control": "passed", "zero_residue": true}]}
2026-09-17T08:34:19.7479958Z {"candidate": {"head": "bf426f1cebca0193110e97ebf65abdbad424578a", "tree": "f52c7959f8e26dab13e9592f6f6a3443a46024ee"}, "zero_residue": true, "authorizes_landing": false}
2026-09-17T08:34:19.7604984Z Node 20 is being deprecated. This workflow is running with Node 24 by default. If you need to temporarily use Node 20, you can set the ACTIONS_ALLOW_USE_UNSECURE_NODE_VERSION=true environment variable. For more information see: https://github.blog/changelog/2025-09-19-deprecation-of-node-20-on-github-actions-runners/
2026-09-17T08:34:19.7606370Z ##[group]Run actions/upload-artifact@ea165f8d65b6e75b540449e92b4886f43607fa02
2026-09-17T08:34:19.7606759Z with:
2026-09-17T08:34:19.7607281Z   name: runtime-evidence-bf426f1cebca0193110e97ebf65abdbad424578a
2026-09-17T08:34:19.7607707Z   path: /home/runner/work/_temp/soodles-runtime/*.json
2026-09-17T08:34:19.7608029Z   if-no-files-found: error
2026-09-17T08:34:19.7608270Z   retention-days: 30
2026-09-17T08:34:19.7608497Z   compression-level: 6
2026-09-17T08:34:19.7608720Z   overwrite: false
2026-09-17T08:34:19.7608942Z   include-hidden-files: false
2026-09-17T08:34:19.7609185Z env:
2026-09-17T08:34:19.7609487Z   pythonLocation: /opt/hostedtoolcache/Python/3.12.14/x64
2026-09-17T08:34:19.7609921Z   PKG_CONFIG_PATH: /opt/hostedtoolcache/Python/3.12.14/x64/lib/pkgconfig
2026-09-17T08:34:19.7610337Z   Python_ROOT_DIR: /opt/hostedtoolcache/Python/3.12.14/x64
2026-09-17T08:34:19.7610712Z   Python2_ROOT_DIR: /opt/hostedtoolcache/Python/3.12.14/x64
2026-09-17T08:34:19.7611088Z   Python3_ROOT_DIR: /opt/hostedtoolcache/Python/3.12.14/x64
2026-09-17T08:34:19.7611469Z   LD_LIBRARY_PATH: /opt/hostedtoolcache/Python/3.12.14/x64/lib
2026-09-17T08:34:19.7611801Z ##[endgroup]
2026-09-17T08:34:19.9339114Z (node:4487) [DEP0040] DeprecationWarning: The `punycode` module is deprecated. Please use a userland alternative instead.
2026-09-17T08:34:19.9340254Z (Use `node --trace-deprecation ...` to show where the warning was created)
2026-09-17T08:34:19.9408745Z With the provided path, there will be 2 files uploaded
2026-09-17T08:34:19.9409274Z Artifact name is valid!
2026-09-17T08:34:19.9409528Z Root directory input is valid!
2026-09-17T08:34:20.2544690Z Beginning upload of artifact content to blob storage
2026-09-17T08:34:20.2765908Z (node:4487) [DEP0169] DeprecationWarning: `url.parse()` behavior is not standardized and prone to errors that have security implications. Use the WHATWG URL API instead. CVEs are not issued for `url.parse()` vulnerabilities.
2026-09-17T08:34:20.3850525Z Uploaded bytes 11234
2026-09-17T08:34:20.4206184Z Finished uploading artifact content to blob storage!
2026-09-17T08:34:20.4207214Z SHA256 digest of uploaded artifact zip is cba05e03d493f9682f637de3bed37d07df8e5a9ce3dc35bfbc93e919c94fe59e
2026-09-17T08:34:20.4208723Z Finalizing artifact upload
2026-09-17T08:34:20.6511879Z Artifact runtime-evidence-bf426f1cebca0193110e97ebf65abdbad424578a.zip successfully finalized. Artifact ID 10488290138
2026-09-17T08:34:20.6513878Z Artifact runtime-evidence-bf426f1cebca0193110e97ebf65abdbad424578a has been successfully uploaded! Final size is 11234 bytes. Artifact ID is 10488290138
2026-09-17T08:34:20.6519689Z Artifact download URL: https://github.com/ed3c/soodles/actions/runs/35200315530/artifacts/10488290138
2026-09-17T08:34:20.6700272Z Node 20 is being deprecated. This workflow is running with Node 24 by default. If you need to temporarily use Node 20, you can set the ACTIONS_ALLOW_USE_UNSECURE_NODE_VERSION=true environment variable. For more information see: https://github.blog/changelog/2025-09-19-deprecation-of-node-20-on-github-actions-runners/
2026-09-17T08:34:20.6701682Z Post job cleanup.
2026-09-17T08:34:20.7934249Z (node:4500) [DEP0040] DeprecationWarning: The `punycode` module is deprecated. Please use a userland alternative instead.
2026-09-17T08:34:20.7935039Z (Use `node --trace-deprecation ...` to show where the warning was created)
2026-09-17T08:34:20.8148760Z Node 20 is being deprecated. This workflow is running with Node 24 by default. If you need to temporarily use Node 20, you can set the ACTIONS_ALLOW_USE_UNSECURE_NODE_VERSION=true environment variable. For more information see: https://github.blog/changelog/2025-09-19-deprecation-of-node-20-on-github-actions-runners/
2026-09-17T08:34:20.8149968Z Post job cleanup.
2026-09-17T08:34:20.9104968Z [command]/usr/bin/git version
2026-09-17T08:34:20.9148760Z git version 2.55.0
2026-09-17T08:34:20.9187287Z Temporarily overriding HOME='/home/runner/work/_temp/f1ab26f8-a890-4d9a-b3db-bbc031cbc71d' before making global git config changes
2026-09-17T08:34:20.9188733Z Adding repository directory to the temporary git global config as a safe directory
2026-09-17T08:34:20.9194663Z [command]/usr/bin/git config --global --add safe.directory /home/runner/work/soodles/soodles
2026-09-17T08:34:20.9237483Z [command]/usr/bin/git config --local --name-only --get-regexp core\.sshCommand
2026-09-17T08:34:20.9276140Z [command]/usr/bin/git submodule foreach --recursive sh -c "git config --local --name-only --get-regexp 'core\.sshCommand' && git config --local --unset-all 'core.sshCommand' || :"
2026-09-17T08:34:20.9563742Z [command]/usr/bin/git config --local --name-only --get-regexp http\.https\:\/\/github\.com\/\.extraheader
2026-09-17T08:34:20.9607312Z [command]/usr/bin/git submodule foreach --recursive sh -c "git config --local --name-only --get-regexp 'http\.https\:\/\/github\.com\/\.extraheader' && git config --local --unset-all 'http.https://github.com/.extraheader' || :"
2026-09-17T08:34:20.9956504Z [command]/usr/bin/git config --local --name-only --get-regexp ^includeIf\.gitdir:
2026-09-17T08:34:21.0014322Z [command]/usr/bin/git submodule foreach --recursive git config --local --show-origin --name-only --get-regexp remote.origin.url
2026-09-17T08:34:21.0514506Z Cleaning up orphan processes
2026-09-17T08:34:21.0803638Z ##[warning]Node.js 20 is deprecated. The following actions target Node.js 20 but are being forced to run on Node.js 24: actions/checkout@11d5960a326750d5838078e36cf38b85af677262, actions/setup-python@a26af69be951a213d495a4c3e4e4022e16d87065, actions/upload-artifact@ea165f8d65b6e75b540449e92b4886f43607fa02. For more information see: https://github.blog/changelog/2025-09-19-deprecation-of-node-20-on-github-actions-runners/

