2026-09-17T13:15:37.0063603Z Current runner version: '2.337.0'
2026-09-17T13:15:37.0100338Z ##[group]Runner Image Provisioner
2026-09-17T13:15:37.0101823Z Hosted Compute Agent
2026-09-17T13:15:37.0102783Z Version: 20260828.587
2026-09-17T13:15:37.0103993Z Commit: abac92662cab4cc7352de4f9f9d2e2419aad9c29
2026-09-17T13:15:37.0105274Z Build Date: 2026-08-28T16:44:25Z
2026-09-17T13:15:37.0106856Z Worker ID: {5f2749e6-ae5a-4f9b-acf1-5062daf49968}
2026-09-17T13:15:37.0108286Z Azure Region: eastus
2026-09-17T13:15:37.0109212Z ##[endgroup]
2026-09-17T13:15:37.0111687Z ##[group]Operating System
2026-09-17T13:15:37.0112731Z Ubuntu
2026-09-17T13:15:37.0113713Z 24.04.5
2026-09-17T13:15:37.0114722Z LTS
2026-09-17T13:15:37.0115652Z ##[endgroup]
2026-09-17T13:15:37.0116900Z ##[group]Runner Image
2026-09-17T13:15:37.0118087Z Image: ubuntu-24.04
2026-09-17T13:15:37.0119080Z Version: 20260907.300.1
2026-09-17T13:15:37.0121326Z Included Software: https://github.com/actions/runner-images/blob/ubuntu24/20260907.300/images/ubuntu/Ubuntu2404-Readme.md
2026-09-17T13:15:37.0124405Z Image Release: https://github.com/actions/runner-images/releases/tag/ubuntu24%2F20260907.300
2026-09-17T13:15:37.0126151Z ##[endgroup]
2026-09-17T13:15:37.0128570Z ##[group]GITHUB_TOKEN Permissions
2026-09-17T13:15:37.0131207Z Contents: read
2026-09-17T13:15:37.0132337Z Metadata: read
2026-09-17T13:15:37.0133286Z ##[endgroup]
2026-09-17T13:15:37.0136835Z Secret source: Actions
2026-09-17T13:15:37.0138617Z Cache mode: write
2026-09-17T13:15:37.0139844Z Prepare workflow directory
2026-09-17T13:15:37.0625303Z Prepare all required actions
2026-09-17T13:15:37.0698689Z Getting action download info
2026-09-17T13:15:37.2852619Z Download action repository 'actions/checkout@11d5960a326750d5838078e36cf38b85af677262' (SHA:11d5960a326750d5838078e36cf38b85af677262)
2026-09-17T13:15:37.3974482Z Download action repository 'actions/setup-python@a26af69be951a213d495a4c3e4e4022e16d87065' (SHA:a26af69be951a213d495a4c3e4e4022e16d87065)
2026-09-17T13:15:37.4918381Z Download action repository 'actions/upload-artifact@ea165f8d65b6e75b540449e92b4886f43607fa02' (SHA:ea165f8d65b6e75b540449e92b4886f43607fa02)
2026-09-17T13:15:37.7599369Z Complete job name: runtime-evidence
2026-09-17T13:15:37.8397267Z Node 20 is being deprecated. This workflow is running with Node 24 by default. If you need to temporarily use Node 20, you can set the ACTIONS_ALLOW_USE_UNSECURE_NODE_VERSION=true environment variable. For more information see: https://github.blog/changelog/2025-09-19-deprecation-of-node-20-on-github-actions-runners/
2026-09-17T13:15:37.8406166Z ##[group]Run actions/checkout@11d5960a326750d5838078e36cf38b85af677262
2026-09-17T13:15:37.8407391Z with:
2026-09-17T13:15:37.8407884Z   ref: 5b3d7d0b4da4b71260cd12b7c6937680b49b81be
2026-09-17T13:15:37.8408505Z   persist-credentials: false
2026-09-17T13:15:37.8409044Z   repository: ed3c/soodles
2026-09-17T13:15:37.8413115Z   token: ***
2026-09-17T13:15:37.8413559Z   ssh-strict: true
2026-09-17T13:15:37.8414015Z   ssh-user: git
2026-09-17T13:15:37.8414456Z   clean: true
2026-09-17T13:15:37.8414996Z   sparse-checkout-cone-mode: true
2026-09-17T13:15:37.8415549Z   fetch-depth: 1
2026-09-17T13:15:37.8416007Z   fetch-tags: false
2026-09-17T13:15:37.8416506Z   show-progress: true
2026-09-17T13:15:37.8417412Z   lfs: false
2026-09-17T13:15:37.8417847Z   submodules: false
2026-09-17T13:15:37.8418315Z   set-safe-directory: true
2026-09-17T13:15:37.8418843Z   allow-unsafe-pr-checkout: false
2026-09-17T13:15:37.8419744Z ##[endgroup]
2026-09-17T13:15:37.9737992Z Syncing repository: ed3c/soodles
2026-09-17T13:15:37.9740810Z ##[group]Getting Git version info
2026-09-17T13:15:37.9741981Z Working directory is '/home/runner/work/soodles/soodles'
2026-09-17T13:15:37.9743710Z [command]/usr/bin/git version
2026-09-17T13:15:37.9955745Z git version 2.55.0
2026-09-17T13:15:37.9963113Z ##[endgroup]
2026-09-17T13:15:37.9969725Z Temporarily overriding HOME='/home/runner/work/_temp/963c1a47-7ba6-4c35-87dc-dc47ee4f75f3' before making global git config changes
2026-09-17T13:15:37.9972148Z Adding repository directory to the temporary git global config as a safe directory
2026-09-17T13:15:37.9974464Z [command]/usr/bin/git config --global --add safe.directory /home/runner/work/soodles/soodles
2026-09-17T13:15:37.9982770Z Deleting the contents of '/home/runner/work/soodles/soodles'
2026-09-17T13:15:37.9984632Z ##[group]Initializing the repository
2026-09-17T13:15:37.9985838Z [command]/usr/bin/git init /home/runner/work/soodles/soodles
2026-09-17T13:15:38.1478914Z hint: Using 'master' as the name for the initial branch. This default branch name
2026-09-17T13:15:38.1497899Z hint: will change to "main" in Git 3.0. To configure the initial branch name
2026-09-17T13:15:38.1507807Z hint: to use in all of your new repositories, which will suppress this warning,
2026-09-17T13:15:38.1509651Z hint: call:
2026-09-17T13:15:38.1510821Z hint:
2026-09-17T13:15:38.1512046Z hint: 	git config --global init.defaultBranch <name>
2026-09-17T13:15:38.1513513Z hint:
2026-09-17T13:15:38.1514856Z hint: Names commonly chosen instead of 'master' are 'main', 'trunk' and
2026-09-17T13:15:38.1517331Z hint: 'development'. The just-created branch can be renamed via this command:
2026-09-17T13:15:38.1523164Z hint:
2026-09-17T13:15:38.1524255Z hint: 	git branch -m <name>
2026-09-17T13:15:38.1525581Z hint:
2026-09-17T13:15:38.1527318Z hint: Disable this message with "git config set advice.defaultBranchName false"
2026-09-17T13:15:38.1529428Z Initialized empty Git repository in /home/runner/work/soodles/soodles/.git/
2026-09-17T13:15:38.1533379Z [command]/usr/bin/git remote add origin https://github.com/ed3c/soodles
2026-09-17T13:15:38.1537403Z ##[endgroup]
2026-09-17T13:15:38.1539209Z ##[group]Disabling automatic garbage collection
2026-09-17T13:15:38.1540675Z [command]/usr/bin/git config --local gc.auto 0
2026-09-17T13:15:38.1544207Z ##[endgroup]
2026-09-17T13:15:38.1545747Z ##[group]Setting up auth
2026-09-17T13:15:38.1547541Z [command]/usr/bin/git config --local --name-only --get-regexp core\.sshCommand
2026-09-17T13:15:38.1552495Z [command]/usr/bin/git submodule foreach --recursive sh -c "git config --local --name-only --get-regexp 'core\.sshCommand' && git config --local --unset-all 'core.sshCommand' || :"
2026-09-17T13:15:38.1558196Z [command]/usr/bin/git config --local --name-only --get-regexp http\.https\:\/\/github\.com\/\.extraheader
2026-09-17T13:15:38.1563525Z [command]/usr/bin/git submodule foreach --recursive sh -c "git config --local --name-only --get-regexp 'http\.https\:\/\/github\.com\/\.extraheader' && git config --local --unset-all 'http.https://github.com/.extraheader' || :"
2026-09-17T13:15:38.1677632Z [command]/usr/bin/git config --local --name-only --get-regexp ^includeIf\.gitdir:
2026-09-17T13:15:38.1839471Z [command]/usr/bin/git submodule foreach --recursive git config --local --show-origin --name-only --get-regexp remote.origin.url
2026-09-17T13:15:38.2144116Z [command]/usr/bin/git config --local http.https://github.com/.extraheader AUTHORIZATION: basic ***
2026-09-17T13:15:38.2148206Z ##[endgroup]
2026-09-17T13:15:38.2150031Z ##[group]Fetching the repository
2026-09-17T13:15:38.2152536Z [command]/usr/bin/git -c protocol.version=2 fetch --no-tags --prune --no-recurse-submodules --depth=1 origin 5b3d7d0b4da4b71260cd12b7c6937680b49b81be
2026-09-17T13:15:38.5042390Z From https://github.com/ed3c/soodles
2026-09-17T13:15:38.5045599Z  * branch            5b3d7d0b4da4b71260cd12b7c6937680b49b81be -> FETCH_HEAD
2026-09-17T13:15:38.5051079Z ##[endgroup]
2026-09-17T13:15:38.5053076Z ##[group]Determining the checkout info
2026-09-17T13:15:38.5055302Z ##[endgroup]
2026-09-17T13:15:38.5059492Z [command]/usr/bin/git sparse-checkout disable
2026-09-17T13:15:38.5118063Z [command]/usr/bin/git config --local --unset-all extensions.worktreeConfig
2026-09-17T13:15:38.5160292Z ##[group]Checking out the ref
2026-09-17T13:15:38.5164484Z [command]/usr/bin/git checkout --progress --force 5b3d7d0b4da4b71260cd12b7c6937680b49b81be
2026-09-17T13:15:38.5277843Z Note: switching to '5b3d7d0b4da4b71260cd12b7c6937680b49b81be'.
2026-09-17T13:15:38.5278697Z 
2026-09-17T13:15:38.5280239Z You are in 'detached HEAD' state. You can look around, make experimental
2026-09-17T13:15:38.5282633Z changes and commit them, and you can discard any commits you make in this
2026-09-17T13:15:38.5284787Z state without impacting any branches by switching back to a branch.
2026-09-17T13:15:38.5286158Z 
2026-09-17T13:15:38.5287471Z If you want to create a new branch to retain commits you create, you may
2026-09-17T13:15:38.5289692Z do so (now or later) by using -c with the switch command. Example:
2026-09-17T13:15:38.5291133Z 
2026-09-17T13:15:38.5291836Z   git switch -c <new-branch-name>
2026-09-17T13:15:38.5292749Z 
2026-09-17T13:15:38.5293408Z Or undo this operation with:
2026-09-17T13:15:38.5294325Z 
2026-09-17T13:15:38.5295025Z   git switch -
2026-09-17T13:15:38.5296257Z 
2026-09-17T13:15:38.5298052Z Turn off this advice by setting config variable advice.detachedHead to false
2026-09-17T13:15:38.5299583Z 
2026-09-17T13:15:38.5300975Z HEAD is now at 5b3d7d0 Record failed P-class ablation so a shorter entry is not mistaken for lower read cost (#49)
2026-09-17T13:15:38.5305411Z ##[endgroup]
2026-09-17T13:15:38.5345146Z [command]/usr/bin/git log -1 --format=%H
2026-09-17T13:15:38.5374954Z 5b3d7d0b4da4b71260cd12b7c6937680b49b81be
2026-09-17T13:15:38.5385269Z ##[group]Removing auth
2026-09-17T13:15:38.5392451Z [command]/usr/bin/git config --local --name-only --get-regexp core\.sshCommand
2026-09-17T13:15:38.5427912Z [command]/usr/bin/git submodule foreach --recursive sh -c "git config --local --name-only --get-regexp 'core\.sshCommand' && git config --local --unset-all 'core.sshCommand' || :"
2026-09-17T13:15:38.5670403Z [command]/usr/bin/git config --local --name-only --get-regexp http\.https\:\/\/github\.com\/\.extraheader
2026-09-17T13:15:38.5702309Z http.https://github.com/.extraheader
2026-09-17T13:15:38.5711137Z [command]/usr/bin/git config --local --unset-all http.https://github.com/.extraheader
2026-09-17T13:15:38.5749892Z [command]/usr/bin/git submodule foreach --recursive sh -c "git config --local --name-only --get-regexp 'http\.https\:\/\/github\.com\/\.extraheader' && git config --local --unset-all 'http.https://github.com/.extraheader' || :"
2026-09-17T13:15:38.5994791Z [command]/usr/bin/git config --local --name-only --get-regexp ^includeIf\.gitdir:
2026-09-17T13:15:38.6031055Z [command]/usr/bin/git submodule foreach --recursive git config --local --show-origin --name-only --get-regexp remote.origin.url
2026-09-17T13:15:38.6286327Z ##[endgroup]
2026-09-17T13:15:38.6657570Z Node 20 is being deprecated. This workflow is running with Node 24 by default. If you need to temporarily use Node 20, you can set the ACTIONS_ALLOW_USE_UNSECURE_NODE_VERSION=true environment variable. For more information see: https://github.blog/changelog/2025-09-19-deprecation-of-node-20-on-github-actions-runners/
2026-09-17T13:15:38.6660988Z ##[group]Run actions/setup-python@a26af69be951a213d495a4c3e4e4022e16d87065
2026-09-17T13:15:38.6661865Z with:
2026-09-17T13:15:38.6662381Z   python-version: 3.12
2026-09-17T13:15:38.6662970Z   check-latest: false
2026-09-17T13:15:38.6667284Z   token: ***
2026-09-17T13:15:38.6667835Z   update-environment: true
2026-09-17T13:15:38.6668443Z   allow-prereleases: false
2026-09-17T13:15:38.6669047Z   freethreaded: false
2026-09-17T13:15:38.6669601Z ##[endgroup]
2026-09-17T13:15:38.8103394Z ##[group]Installed versions
2026-09-17T13:15:38.8184360Z (node:2100) [DEP0040] DeprecationWarning: The `punycode` module is deprecated. Please use a userland alternative instead.
2026-09-17T13:15:38.8189305Z (Use `node --trace-deprecation ...` to show where the warning was created)
2026-09-17T13:15:38.8190888Z Successfully set up CPython (3.12.14)
2026-09-17T13:15:38.8210801Z ##[endgroup]
2026-09-17T13:15:38.8474280Z ##[group]Run python3 -B - <<'PY'
2026-09-17T13:15:38.8475504Z [36;1mpython3 -B - <<'PY'[0m
2026-09-17T13:15:38.8477275Z [36;1mimport hashlib, io, json, os, pathlib, tarfile, urllib.request[0m
2026-09-17T13:15:38.8478701Z [36;1mimport soodles[0m
2026-09-17T13:15:38.8479773Z [36;1mlock = soodles.load_lock(pathlib.Path.cwd())[0m
2026-09-17T13:15:38.8481221Z [36;1mdef fetch(url):[0m
2026-09-17T13:15:38.8482771Z [36;1m    request = urllib.request.Request(url, headers={'User-Agent': 'soodles-runtime-bootstrap'})[0m
2026-09-17T13:15:38.8484767Z [36;1m    with urllib.request.urlopen(request, timeout=60) as response:[0m
2026-09-17T13:15:38.8486190Z [36;1m        return response.read()[0m
2026-09-17T13:15:38.8487936Z [36;1mapi = 'https://api.github.com/repos/' + lock['repository'][0m
2026-09-17T13:15:38.8489610Z [36;1mrelease = json.loads(fetch(api + '/releases/tags/' + lock['release']))[0m
2026-09-17T13:15:38.8491378Z [36;1mcommit = json.loads(fetch(api + '/commits/' + lock['release']))[0m
2026-09-17T13:15:38.8492892Z [36;1massert release['tag_name'] == lock['release'][0m
2026-09-17T13:15:38.8494433Z [36;1massert commit['sha'] == lock['commit'], 'release commit differs from lock'[0m
2026-09-17T13:15:38.8496212Z [36;1massets = [a for a in release['assets'] if a['name'] == lock['asset_name']][0m
2026-09-17T13:15:38.8498117Z [36;1massert len(assets) == 1, 'release asset is absent or ambiguous'[0m
2026-09-17T13:15:38.8499732Z [36;1massert assets[0]['digest'] == 'sha256:' + lock['asset_sha256'][0m
2026-09-17T13:15:38.8501844Z [36;1murl = 'https://github.com/' + lock['repository'] + '/releases/download/' + lock['release'] + '/' + lock['asset_name'][0m
2026-09-17T13:15:38.8503704Z [36;1marchive = fetch(url)[0m
2026-09-17T13:15:38.8505331Z [36;1massert hashlib.sha256(archive).hexdigest() == lock['asset_sha256'], 'archive digest differs'[0m
2026-09-17T13:15:38.8507598Z [36;1mwith tarfile.open(fileobj=io.BytesIO(archive)) as tar:[0m
2026-09-17T13:15:38.8509708Z [36;1m    members = [m for m in tar.getmembers() if m.name == 'noodle' and m.isfile()][0m
2026-09-17T13:15:38.8511568Z [36;1m    assert len(members) == 1, 'binary member is absent or ambiguous'[0m
2026-09-17T13:15:38.8513121Z [36;1m    binary = tar.extractfile(members[0]).read()[0m
2026-09-17T13:15:38.8514939Z [36;1massert hashlib.sha256(binary).hexdigest() == lock['binary_sha256'], 'binary digest differs'[0m
2026-09-17T13:15:38.8517291Z [36;1mdirectory = pathlib.Path(os.environ['RUNNER_TEMP']) / 'soodles-runtime'[0m
2026-09-17T13:15:38.8518852Z [36;1mdirectory.mkdir()[0m
2026-09-17T13:15:38.8519895Z [36;1mtarget = directory / 'noodle'[0m
2026-09-17T13:15:38.8521168Z [36;1mtarget.write_bytes(binary)[0m
2026-09-17T13:15:38.8522256Z [36;1mtarget.chmod(0o755)[0m
2026-09-17T13:15:38.8523753Z [36;1mreceipt = {'release': release['tag_name'], 'commit': commit['sha'], 'asset': assets[0]['name'],[0m
2026-09-17T13:15:38.8525926Z [36;1m           'archive_sha256': lock['asset_sha256'], 'binary_sha256': lock['binary_sha256'],[0m
2026-09-17T13:15:38.8528599Z [36;1m           'authorizes_landing': False}[0m
2026-09-17T13:15:38.8530835Z [36;1m(directory / 'release.json').write_text(json.dumps(receipt, indent=2) + '\n')[0m
2026-09-17T13:15:38.8533502Z [36;1mprint(json.dumps(receipt))[0m
2026-09-17T13:15:38.8534754Z [36;1mPY[0m
2026-09-17T13:15:38.8605189Z shell: /usr/bin/bash -e {0}
2026-09-17T13:15:38.8606439Z env:
2026-09-17T13:15:38.8607861Z   pythonLocation: /opt/hostedtoolcache/Python/3.12.14/x64
2026-09-17T13:15:38.8609502Z   PKG_CONFIG_PATH: /opt/hostedtoolcache/Python/3.12.14/x64/lib/pkgconfig
2026-09-17T13:15:38.8611158Z   Python_ROOT_DIR: /opt/hostedtoolcache/Python/3.12.14/x64
2026-09-17T13:15:38.8612645Z   Python2_ROOT_DIR: /opt/hostedtoolcache/Python/3.12.14/x64
2026-09-17T13:15:38.8614160Z   Python3_ROOT_DIR: /opt/hostedtoolcache/Python/3.12.14/x64
2026-09-17T13:15:38.8615661Z   LD_LIBRARY_PATH: /opt/hostedtoolcache/Python/3.12.14/x64/lib
2026-09-17T13:15:38.8617229Z ##[endgroup]
2026-09-17T13:15:40.4173841Z {"release": "v0.1.19", "commit": "391f3154c680fc6724b8cdabf6bcec831b61065d", "asset": "noodle_linux_amd64.tar.gz", "archive_sha256": "7852810f757be494a4233d893982da62b551f7837f2ac24529ce97ae44cf25cb", "binary_sha256": "9f1354bea227a5e71fa36260645fa6102f1474f9fba170f9a76ad9f6dd678472", "authorizes_landing": false}
2026-09-17T13:15:40.4378957Z ##[group]Run test "$(git rev-parse HEAD)" = "$EXPECTED_HEAD"
2026-09-17T13:15:40.4380792Z [36;1mtest "$(git rev-parse HEAD)" = "$EXPECTED_HEAD"[0m
2026-09-17T13:15:40.4383572Z [36;1m./soodles acceptance verify "$RUNNER_TEMP/soodles-runtime/noodle" > "$RUNNER_TEMP/soodles-runtime/acceptance.json"[0m
2026-09-17T13:15:40.4389637Z [36;1mpython3 -c 'import json,sys; r=json.load(open(sys.argv[1])); print(json.dumps({"candidate":r["candidate"],"zero_residue":r["physical"]["zero_residue"],"authorizes_landing":r["authorizes_landing"]}))' "$RUNNER_TEMP/soodles-runtime/acceptance.json"[0m
2026-09-17T13:15:40.4433445Z shell: /usr/bin/bash -e {0}
2026-09-17T13:15:40.4434524Z env:
2026-09-17T13:15:40.4435643Z   pythonLocation: /opt/hostedtoolcache/Python/3.12.14/x64
2026-09-17T13:15:40.4437748Z   PKG_CONFIG_PATH: /opt/hostedtoolcache/Python/3.12.14/x64/lib/pkgconfig
2026-09-17T13:15:40.4439689Z   Python_ROOT_DIR: /opt/hostedtoolcache/Python/3.12.14/x64
2026-09-17T13:15:40.4441434Z   Python2_ROOT_DIR: /opt/hostedtoolcache/Python/3.12.14/x64
2026-09-17T13:15:40.4443144Z   Python3_ROOT_DIR: /opt/hostedtoolcache/Python/3.12.14/x64
2026-09-17T13:15:40.4444879Z   LD_LIBRARY_PATH: /opt/hostedtoolcache/Python/3.12.14/x64/lib
2026-09-17T13:15:40.4446715Z   EXPECTED_HEAD: 5b3d7d0b4da4b71260cd12b7c6937680b49b81be
2026-09-17T13:15:40.4448111Z ##[endgroup]
2026-09-17T13:15:45.0134796Z test_admitted_version_is_observed_not_inferred_from_filename (test_admission.AdmissionTests.test_admitted_version_is_observed_not_inferred_from_filename) ... ok
2026-09-17T13:15:45.0138087Z test_all_command_help_routes_are_noninteractive (test_admission.AdmissionTests.test_all_command_help_routes_are_noninteractive) ... ok
2026-09-17T13:15:45.0140451Z test_dirty_candidate_rejects_before_binary_and_tests (test_admission.AdmissionTests.test_dirty_candidate_rejects_before_binary_and_tests) ... ok
2026-09-17T13:15:45.0151608Z test_fixture_environment_drops_provider_and_live_noodle_identity (test_admission.AdmissionTests.test_fixture_environment_drops_provider_and_live_noodle_identity) ... ok
2026-09-17T13:15:45.0154126Z test_missing_binary_does_not_fall_back_to_path (test_admission.AdmissionTests.test_missing_binary_does_not_fall_back_to_path) ... ok
2026-09-17T13:15:45.0161427Z test_missing_required_binary_is_actionable (test_admission.AdmissionTests.test_missing_required_binary_is_actionable) ... ok
2026-09-17T13:15:45.0164651Z test_unsupported_host_refuses_before_execution (test_admission.AdmissionTests.test_unsupported_host_refuses_before_execution) ... ok
2026-09-17T13:15:45.0167201Z test_wrong_digest_refuses_before_executable_sentinel (test_admission.AdmissionTests.test_wrong_digest_refuses_before_executable_sentinel) ... ok
2026-09-17T13:15:45.0169678Z test_wrong_observed_version_refuses_worktree_execution (test_admission.AdmissionTests.test_wrong_observed_version_refuses_worktree_execution) ... ok
2026-09-17T13:15:45.0177393Z test_wrong_repository_and_unknown_policy_fields_refuse (test_admission.AdmissionTests.test_wrong_repository_and_unknown_policy_fields_refuse) ... ok
2026-09-17T13:15:45.0180033Z test_duplicate_label_refuses_before_effect (test_context_recording.ContextRecordingTests.test_duplicate_label_refuses_before_effect) ... ok
2026-09-17T13:15:45.0192252Z test_long_non_path_argument_does_not_lose_command_receipt (test_context_recording.ContextRecordingTests.test_long_non_path_argument_does_not_lose_command_receipt) ... ok
2026-09-17T13:15:45.0194135Z test_missing_executable_is_not_zero (test_context_recording.ContextRecordingTests.test_missing_executable_is_not_zero) ... ok
2026-09-17T13:15:45.0197328Z test_records_real_nonzero_and_file_change_without_inventing_success (test_context_recording.ContextRecordingTests.test_records_real_nonzero_and_file_change_without_inventing_success) ... ok
2026-09-17T13:15:45.0200175Z test_snapshot_error_after_effect_preserves_result (test_context_recording.ContextRecordingTests.test_snapshot_error_after_effect_preserves_result) ... ok
2026-09-17T13:15:45.0203040Z test_timeout_retains_output_and_waits_for_killed_child (test_context_recording.ContextRecordingTests.test_timeout_retains_output_and_waits_for_killed_child) ... ok
2026-09-17T13:15:45.0205718Z test_304_revalidates_same_identity_and_bytes (test_github_reader.GithubReaderTests.test_304_revalidates_same_identity_and_bytes) ... ok
2026-09-17T13:15:45.0207843Z test_authenticated_non_case (test_github_reader.GithubReaderTests.test_authenticated_non_case) ... ok
2026-09-17T13:15:45.0209593Z test_changed_identity_never_reuses_cache (test_github_reader.GithubReaderTests.test_changed_identity_never_reuses_cache) ... ok
2026-09-17T13:15:45.0211707Z test_cli_missing_credential_names_owner_and_help (test_github_reader.GithubReaderTests.test_cli_missing_credential_names_owner_and_help) ... ok
2026-09-17T13:15:45.0213968Z test_cli_quota_wait_reports_exit_75_without_network (test_github_reader.GithubReaderTests.test_cli_quota_wait_reports_exit_75_without_network) ... ok
2026-09-17T13:15:45.0216112Z test_corrupt_cache_requires_fresh_bytes (test_github_reader.GithubReaderTests.test_corrupt_cache_requires_fresh_bytes) ... ok
2026-09-17T13:15:45.0218598Z test_credential_not_forwarded_on_redirect (test_github_reader.GithubReaderTests.test_credential_not_forwarded_on_redirect) ... ok
2026-09-17T13:15:45.0220859Z test_expired_wait_allows_authenticated_non_case (test_github_reader.GithubReaderTests.test_expired_wait_allows_authenticated_non_case) ... ok
2026-09-17T13:15:45.0223332Z test_header_control_characters_refused_before_transport (test_github_reader.GithubReaderTests.test_header_control_characters_refused_before_transport) ... ok
2026-09-17T13:15:45.0225864Z test_invalid_credential_no_fallback_or_secret_output (test_github_reader.GithubReaderTests.test_invalid_credential_no_fallback_or_secret_output) ... ok
2026-09-17T13:15:45.0228652Z test_no_anonymous_request_without_credentials (test_github_reader.GithubReaderTests.test_no_anonymous_request_without_credentials) ... ok
2026-09-17T13:15:45.0231105Z test_opaque_provider_credential_is_a_legal_non_case (test_github_reader.GithubReaderTests.test_opaque_provider_credential_is_a_legal_non_case) ... ok
2026-09-17T13:15:45.0233877Z test_provider_failure_never_returns_stale_cache (test_github_reader.GithubReaderTests.test_provider_failure_never_returns_stale_cache) ... ok
2026-09-17T13:15:45.0236289Z test_quota_wait_has_no_retry_and_blocks_next_call (test_github_reader.GithubReaderTests.test_quota_wait_has_no_retry_and_blocks_next_call) ... ok
2026-09-17T13:15:45.0239103Z test_retry_after_wait_and_no_missing_deadline_inference (test_github_reader.GithubReaderTests.test_retry_after_wait_and_no_missing_deadline_inference) ... ok
2026-09-17T13:15:45.0241401Z test_wrong_issue_identity_refused (test_github_reader.GithubReaderTests.test_wrong_issue_identity_refused) ... ok
2026-09-17T13:15:45.0243674Z test_actual_git_rename_and_delete_check_both_endpoints (test_issue_admission.IssueAdmissionTests.test_actual_git_rename_and_delete_check_both_endpoints) ... ok
2026-09-17T13:15:45.0246797Z test_candidate_local_or_changed_envelope_cannot_replace_fixed_external_bytes (test_issue_admission.IssueAdmissionTests.test_candidate_local_or_changed_envelope_cannot_replace_fixed_external_bytes) ... ok
2026-09-17T13:15:45.0249941Z test_current_body_digest_cannot_grant_missing_or_wider_authority (test_issue_admission.IssueAdmissionTests.test_current_body_digest_cannot_grant_missing_or_wider_authority) ... ok
2026-09-17T13:15:45.0252916Z test_current_provider_binding_is_normalized_but_non_authorizing (test_issue_admission.IssueAdmissionTests.test_current_provider_binding_is_normalized_but_non_authorizing) ... ok
2026-09-17T13:15:45.0255677Z test_human_template_and_machine_contract_have_the_same_fields (test_issue_admission.IssueAdmissionTests.test_human_template_and_machine_contract_have_the_same_fields) ... ok
2026-09-17T13:15:45.0258853Z test_identity_is_derived_from_provider_fields_not_title_or_prose (test_issue_admission.IssueAdmissionTests.test_identity_is_derived_from_provider_fields_not_title_or_prose) ... ok
2026-09-17T13:15:45.0262035Z test_invalid_paths_and_duplicate_paths_refuse (test_issue_admission.IssueAdmissionTests.test_invalid_paths_and_duplicate_paths_refuse) ... ok
2026-09-17T13:15:45.0264263Z test_one_active_contract_is_required (test_issue_admission.IssueAdmissionTests.test_one_active_contract_is_required) ... ok
2026-09-17T13:15:45.0266941Z test_whole_body_and_revision_changes_require_fresh_envelope (test_issue_admission.IssueAdmissionTests.test_whole_body_and_revision_changes_require_fresh_envelope) ... ok
2026-09-17T13:15:45.0269662Z test_both_real_entry_functions_consume_same_normalized_binding (test_issue_execution.IssueExecutionTests.test_both_real_entry_functions_consume_same_normalized_binding) ... ok
2026-09-17T13:15:45.0272218Z test_clean_descendant_is_not_the_selected_starting_head (test_issue_execution.IssueExecutionTests.test_clean_descendant_is_not_the_selected_starting_head) ... ok
2026-09-17T13:15:45.0274873Z test_cli_missing_supervisor_input_is_structured_and_has_no_effect (test_issue_execution.IssueExecutionTests.test_cli_missing_supervisor_input_is_structured_and_has_no_effect) ... ok
2026-09-17T13:15:45.0277797Z test_completed_label_cannot_hide_a_live_process_group (test_issue_execution.IssueExecutionTests.test_completed_label_cannot_hide_a_live_process_group) ... ok
2026-09-17T13:15:45.0280483Z test_illegal_binding_refuses_both_routes_before_mailbox_effects (test_issue_execution.IssueExecutionTests.test_illegal_binding_refuses_both_routes_before_mailbox_effects) ... ok
2026-09-17T13:15:45.0283364Z test_live_writer_refuses_supervised_takeover_without_resetting_history (test_issue_execution.IssueExecutionTests.test_live_writer_refuses_supervised_takeover_without_resetting_history) ... ok
2026-09-17T13:15:45.0286262Z test_network_failure_names_provider_readback_without_mailbox_effects (test_issue_execution.IssueExecutionTests.test_network_failure_names_provider_readback_without_mailbox_effects) ... ok
2026-09-17T13:15:45.0289634Z test_real_scheduler_provider_entry_also_revalidates_before_launch (test_issue_execution.IssueExecutionTests.test_real_scheduler_provider_entry_also_revalidates_before_launch) ... ok
2026-09-17T13:15:45.0292516Z test_repeated_publication_preserves_one_mailbox_and_prior_admission (test_issue_execution.IssueExecutionTests.test_repeated_publication_preserves_one_mailbox_and_prior_admission) ... ok
2026-09-17T13:15:45.0295449Z test_shared_default_reader_admits_then_reuses_without_duplicate_mailbox (test_issue_execution.IssueExecutionTests.test_shared_default_reader_admits_then_reuses_without_duplicate_mailbox) ... ok
2026-09-17T13:15:45.0298507Z test_shared_default_reader_quota_preserves_mailbox_and_worker (test_issue_execution.IssueExecutionTests.test_shared_default_reader_quota_preserves_mailbox_and_worker) ... ok
2026-09-17T13:15:45.0301541Z test_stale_body_continuation_preserves_entry_and_requires_supervisor_rebinding (test_issue_execution.IssueExecutionTests.test_stale_body_continuation_preserves_entry_and_requires_supervisor_rebinding) ... ok
2026-09-17T13:15:45.0304485Z test_unknown_owner_revision_refuses_before_publication (test_issue_execution.IssueExecutionTests.test_unknown_owner_revision_refuses_before_publication) ... ok
2026-09-17T13:15:45.0307624Z test_worker_refusal_keeps_owner_dispatch_instead_of_offering_another_writer (test_issue_execution.IssueExecutionTests.test_worker_refusal_keeps_owner_dispatch_instead_of_offering_another_writer) ... ok
2026-09-17T13:15:45.0310499Z test_worker_rejects_foreign_dispatch_and_changed_executable (test_issue_execution.IssueExecutionTests.test_worker_rejects_foreign_dispatch_and_changed_executable) ... ok
2026-09-17T13:15:45.0313037Z test_worker_revalidates_live_body_before_executable_effect (test_issue_execution.IssueExecutionTests.test_worker_revalidates_live_body_before_executable_effect) ... ok
2026-09-17T13:15:45.0315550Z test_body_amendment_refuses_prepared_dispatch_without_offer (test_landing.BoundLandingTests.test_body_amendment_refuses_prepared_dispatch_without_offer) ... ok
2026-09-17T13:15:45.0318461Z test_closure_metadata_is_legal_but_body_change_still_refuses (test_landing.BoundLandingTests.test_closure_metadata_is_legal_but_body_change_still_refuses) ... ok
2026-09-17T13:15:45.0321136Z test_completed_bound_order_can_reconcile_and_clean_fixture_worktree (test_landing.BoundLandingTests.test_completed_bound_order_can_reconcile_and_clean_fixture_worktree) ... ok
2026-09-17T13:15:45.0338307Z test_missing_binding_refuses_marked_contract_before_checkpoint (test_landing.BoundLandingTests.test_missing_binding_refuses_marked_contract_before_checkpoint) ... ok
2026-09-17T13:15:45.0349720Z test_outside_delivery_paths_refuse_and_current_paths_pass (test_landing.BoundLandingTests.test_outside_delivery_paths_refuse_and_current_paths_pass) ... ok
2026-09-17T13:15:45.0351963Z test_provider_closure_cannot_resolve_before_original_noodle_order (test_landing.BoundLandingTests.test_provider_closure_cannot_resolve_before_original_noodle_order) ... ok
2026-09-17T13:15:45.0354359Z test_amendment_allows_forward_base_but_preserves_ancestry_controls (test_landing.LandingTests.test_amendment_allows_forward_base_but_preserves_ancestry_controls) ... ok
2026-09-17T13:15:45.0357078Z test_amendment_record_cannot_launder_corrupt_identity_or_unknown_writes (test_landing.LandingTests.test_amendment_record_cannot_launder_corrupt_identity_or_unknown_writes) ... ok
2026-09-17T13:15:45.0359574Z test_base_advances_again_requires_ancestry_from_observed_recovery_base (test_landing.LandingTests.test_base_advances_again_requires_ancestry_from_observed_recovery_base) ... ok
2026-09-17T13:15:45.0361785Z test_checkpoint_cannot_be_overwritten_or_head_retargeted (test_landing.LandingTests.test_checkpoint_cannot_be_overwritten_or_head_retargeted) ... ok
2026-09-17T13:15:45.0363822Z test_cli_help_and_malformed_input_refuse_before_checkpoint (test_landing.LandingTests.test_cli_help_and_malformed_input_refuse_before_checkpoint) ... ok
2026-09-17T13:15:45.0366304Z test_comparison_guidance_preserves_fresh_claim_and_rejects_unconfirmed_endpoint (test_landing.LandingTests.test_comparison_guidance_preserves_fresh_claim_and_rejects_unconfirmed_endpoint) ... ok
2026-09-17T13:15:45.0369244Z test_corrected_verifier_resume_preserves_identity_and_cannot_repeat_provider_writes (test_landing.LandingTests.test_corrected_verifier_resume_preserves_identity_and_cannot_repeat_provider_writes) ... ok
2026-09-17T13:15:45.0371889Z test_crash_after_merge_and_close_resumes_by_readback_without_duplicate_write (test_landing.LandingTests.test_crash_after_merge_and_close_resumes_by_readback_without_duplicate_write) ... ok
2026-09-17T13:15:45.0374248Z test_dirty_root_and_wrong_origin_refuse_before_runtime_or_cleanup (test_landing.LandingTests.test_dirty_root_and_wrong_origin_refuse_before_runtime_or_cleanup) ... ok
2026-09-17T13:15:45.0377003Z test_dispatch_base_drift_invalidates_without_emitting_or_reusing_old_acceptance (test_landing.LandingTests.test_dispatch_base_drift_invalidates_without_emitting_or_reusing_old_acceptance) ... ok
2026-09-17T13:15:45.0379284Z test_foreign_merge_parent_or_tree_cannot_close_issue (test_landing.LandingTests.test_foreign_merge_parent_or_tree_cannot_close_issue) ... ok
2026-09-17T13:15:45.0381179Z test_foreign_repository_tree_base_and_skipped_step_refuse (test_landing.LandingTests.test_foreign_repository_tree_base_and_skipped_step_refuse) ... ok
2026-09-17T13:15:45.0382911Z test_fresh_admission_rejects_identity_changes_stale_acceptance_and_bad_ancestry (test_landing.LandingTests.test_fresh_admission_rejects_identity_changes_stale_acceptance_and_bad_ancestry) ... ok
2026-09-17T13:15:45.0384300Z test_intent_is_persisted_before_exact_head_request_and_no_unchanged_retry (test_landing.LandingTests.test_intent_is_persisted_before_exact_head_request_and_no_unchanged_retry) ... ok
2026-09-17T13:15:45.0385581Z test_invalidation_retains_legacy_empty_admission_and_base_recovery (test_landing.LandingTests.test_invalidation_retains_legacy_empty_admission_and_base_recovery) ... ok
2026-09-17T13:15:45.0387340Z test_legacy_admitted_can_recover_but_legacy_pending_remains_unknown (test_landing.LandingTests.test_legacy_admitted_can_recover_but_legacy_pending_remains_unknown) ... ok
2026-09-17T13:15:45.0388668Z test_legacy_unknown_preserves_identity_and_cleanup_evidence (test_landing.LandingTests.test_legacy_unknown_preserves_identity_and_cleanup_evidence) ... ok
2026-09-17T13:15:45.0390012Z test_malformed_comparison_refuses_exact_field_without_traceback_or_checkpoint_change (test_landing.LandingTests.test_malformed_comparison_refuses_exact_field_without_traceback_or_checkpoint_change) ... ok
2026-09-17T13:15:45.0392243Z test_merged_readback_readmit_retains_fresh_claim_without_adopting_provider_effect (test_landing.LandingTests.test_merged_readback_readmit_retains_fresh_claim_without_adopting_provider_effect) ... ok
2026-09-17T13:15:45.0394953Z test_merged_readback_start_keeps_confirmed_claim_without_creating_checkpoint (test_landing.LandingTests.test_merged_readback_start_keeps_confirmed_claim_without_creating_checkpoint) ... ok
2026-09-17T13:15:45.0399867Z test_missing_or_inconsistent_delivery_evidence_cannot_dispatch (test_landing.LandingTests.test_missing_or_inconsistent_delivery_evidence_cannot_dispatch) ... ok
2026-09-17T13:15:45.0402073Z test_network_child_keeps_proxy_route_without_provider_or_git_injection (test_landing.LandingTests.test_network_child_keeps_proxy_route_without_provider_or_git_injection) ... ok
2026-09-17T13:15:45.0404478Z test_owner_projection_names_missing_input_without_executable_placeholder (test_landing.LandingTests.test_owner_projection_names_missing_input_without_executable_placeholder) ... ok
2026-09-17T13:15:45.0406957Z test_parser_and_refusal_help_are_bound_to_invoked_action (test_landing.LandingTests.test_parser_and_refusal_help_are_bound_to_invoked_action) ... ok
2026-09-17T13:15:45.0408990Z test_prepared_but_unoffered_provider_effect_cannot_be_adopted (test_landing.LandingTests.test_prepared_but_unoffered_provider_effect_cannot_be_adopted) ... ok
2026-09-17T13:15:45.0411150Z test_prepared_intent_is_not_an_offer_and_requires_fresh_identity (test_landing.LandingTests.test_prepared_intent_is_not_an_offer_and_requires_fresh_identity) ... ok
2026-09-17T13:15:45.0413209Z test_reconciliation_cannot_start_before_provider_closure (test_landing.LandingTests.test_reconciliation_cannot_start_before_provider_closure) ... ok
2026-09-17T13:15:45.0415463Z test_recovery_requires_forward_complete_comparison_and_original_subject (test_landing.LandingTests.test_recovery_requires_forward_complete_comparison_and_original_subject) ... ok
2026-09-17T13:15:45.0418690Z test_supervisor_withdraws_green_without_new_ci_or_provider_write (test_landing.LandingTests.test_supervisor_withdraws_green_without_new_ci_or_provider_write) ... ok
2026-09-17T13:15:45.0420571Z test_terminal_has_no_next_or_checkpoint_rewrite_and_reconciling_names_binary (test_landing.LandingTests.test_terminal_has_no_next_or_checkpoint_rewrite_and_reconciling_names_binary) ... ok
2026-09-17T13:15:45.0422213Z test_unoffered_external_merge_or_closure_cannot_resolve_this_checkpoint (test_landing.LandingTests.test_unoffered_external_merge_or_closure_cannot_resolve_this_checkpoint) ... ok
2026-09-17T13:15:45.0423598Z test_wrong_claim_fields_identity_and_verifier_cannot_admit (test_landing.LandingTests.test_wrong_claim_fields_identity_and_verifier_cannot_admit) ... ok
2026-09-17T13:15:45.0424870Z test_wrong_closure_reason_and_closed_unmerged_do_not_resolve (test_landing.LandingTests.test_wrong_closure_reason_and_closed_unmerged_do_not_resolve) ... ok
2026-09-17T13:15:45.0426115Z test_wrong_provider_identities_fail_before_checkpoint (test_landing.LandingTests.test_wrong_provider_identities_fail_before_checkpoint) ... ok
2026-09-17T13:15:45.0427576Z test_analyzer_failure_cannot_be_interpreted_as_no_findings (test_quality.QualityTests.test_analyzer_failure_cannot_be_interpreted_as_no_findings) ... ok
2026-09-17T13:15:45.0428879Z test_exact_same_head_allowed_but_output_inside_subject_refused (test_quality.QualityTests.test_exact_same_head_allowed_but_output_inside_subject_refused) ... ok
2026-09-17T13:15:45.0430465Z test_invalid_subject_refused_before_output_or_dependency_import (test_quality.QualityTests.test_invalid_subject_refused_before_output_or_dependency_import) ... ok
2026-09-17T13:15:45.0431840Z test_new_source_is_visible_in_unclassified_scope (test_quality.QualityTests.test_new_source_is_visible_in_unclassified_scope) ... ok
2026-09-17T13:15:45.0433067Z test_pending_time_is_not_zero_and_steps_are_not_summed_into_job_time (test_quality.QualityTests.test_pending_time_is_not_zero_and_steps_are_not_summed_into_job_time) ... ok
2026-09-17T13:15:45.0434523Z test_counts_separate_control_refusal_from_failure_and_keep_guard_repeats (test_verify_skill.VerificationSkillTests.test_counts_separate_control_refusal_from_failure_and_keep_guard_repeats) ... ok
2026-09-17T13:15:45.0436919Z test_output_refusal_precedes_directory_creation (test_verify_skill.VerificationSkillTests.test_output_refusal_precedes_directory_creation) ... ok
2026-09-17T13:15:45.0439031Z test_resolution_requires_exact_local_skill (test_verify_skill.VerificationSkillTests.test_resolution_requires_exact_local_skill) ... ok
2026-09-17T13:15:45.0440164Z 
2026-09-17T13:15:45.0440469Z ----------------------------------------------------------------------
2026-09-17T13:15:45.0441115Z Ran 105 tests in 3.684s
2026-09-17T13:15:45.0441375Z 
2026-09-17T13:15:45.0441519Z OK
2026-09-17T13:16:16.3202080Z {"delivery_recovery": [{"case": "prepared_sigkill_resume", "signal": "SIGKILL", "first_dispatches": 1}, {"case": "merge_commit_readback_recovery", "malformed_controls": 14, "invalid_sha_controls": 5, "foreign_stale_controls": 2, "legacy_history_preserved": true, "provider_fixture": true}, {"case": "lost_response_and_close_prepare_crash", "provider_fixture_effects": 2, "phase": "awaiting_reconcile"}, {"case": "dispatch_gap_unknown", "signal": "SIGKILL", "reoffers": 0}, {"case": "concurrent_dispatch", "processes": 2, "requests": 1}, {"case": "legacy_unknown", "merge_and_close_reoffers": 0}, {"case": "head_drift", "requests": 0, "checkpoint_unchanged": true}, {"case": "structured_owner_refusal", "conflicting_routes": 0, "provider_requests": 0}, {"case": "terminal_projection", "next": null, "checkpoint_unchanged": true}]}
2026-09-17T13:16:16.3211422Z {"cleanup_lock_recovery": [{"case": "lock_release", "control": "passed", "zero_residue": true, "injected_noodle_signal": "SIGKILL", "lock_refusal_before_deletion": true}, {"case": "legacy_unknown", "control": "passed", "zero_residue": true, "injected_noodle_signal": "SIGKILL", "lock_refusal_before_deletion": true}, {"case": "consumed_release", "control": "passed", "zero_residue": true, "injected_noodle_signal": "SIGKILL", "lock_refusal_before_deletion": true}, {"case": "moved_after_block", "control": "passed", "zero_residue": true, "injected_noodle_signal": "SIGKILL", "lock_refusal_before_deletion": true}]}
2026-09-17T13:16:16.3217989Z {"cleanup_recovery": [{"case": "resume", "injected_noodle_signal": "SIGKILL", "control": "passed", "zero_residue": true}, {"case": "moved_branch", "injected_noodle_signal": "SIGKILL", "control": "passed", "zero_residue": true}, {"case": "foreign_checkout", "injected_noodle_signal": "SIGKILL", "control": "passed", "zero_residue": true}, {"case": "unchanged_attempt", "injected_noodle_signal": "SIGKILL", "control": "passed", "zero_residue": true}, {"case": "legacy_checkpoint", "injected_noodle_signal": "SIGKILL", "control": "passed", "zero_residue": true}]}
2026-09-17T13:16:16.3572111Z {"candidate": {"head": "5b3d7d0b4da4b71260cd12b7c6937680b49b81be", "tree": "6340128e506f2234206323cd2a5cebae33873891"}, "zero_residue": true, "authorizes_landing": false}
2026-09-17T13:16:16.3691764Z Node 20 is being deprecated. This workflow is running with Node 24 by default. If you need to temporarily use Node 20, you can set the ACTIONS_ALLOW_USE_UNSECURE_NODE_VERSION=true environment variable. For more information see: https://github.blog/changelog/2025-09-19-deprecation-of-node-20-on-github-actions-runners/
2026-09-17T13:16:16.3693227Z ##[group]Run actions/upload-artifact@ea165f8d65b6e75b540449e92b4886f43607fa02
2026-09-17T13:16:16.3693635Z with:
2026-09-17T13:16:16.3694111Z   name: runtime-evidence-5b3d7d0b4da4b71260cd12b7c6937680b49b81be
2026-09-17T13:16:16.3694547Z   path: /home/runner/work/_temp/soodles-runtime/*.json
2026-09-17T13:16:16.3694884Z   if-no-files-found: error
2026-09-17T13:16:16.3695128Z   retention-days: 30
2026-09-17T13:16:16.3695355Z   compression-level: 6
2026-09-17T13:16:16.3695581Z   overwrite: false
2026-09-17T13:16:16.3695807Z   include-hidden-files: false
2026-09-17T13:16:16.3696058Z env:
2026-09-17T13:16:16.3696349Z   pythonLocation: /opt/hostedtoolcache/Python/3.12.14/x64
2026-09-17T13:16:16.3697202Z   PKG_CONFIG_PATH: /opt/hostedtoolcache/Python/3.12.14/x64/lib/pkgconfig
2026-09-17T13:16:16.3697648Z   Python_ROOT_DIR: /opt/hostedtoolcache/Python/3.12.14/x64
2026-09-17T13:16:16.3698049Z   Python2_ROOT_DIR: /opt/hostedtoolcache/Python/3.12.14/x64
2026-09-17T13:16:16.3698447Z   Python3_ROOT_DIR: /opt/hostedtoolcache/Python/3.12.14/x64
2026-09-17T13:16:16.3698856Z   LD_LIBRARY_PATH: /opt/hostedtoolcache/Python/3.12.14/x64/lib
2026-09-17T13:16:16.3699201Z ##[endgroup]
2026-09-17T13:16:16.5404979Z (node:4169) [DEP0040] DeprecationWarning: The `punycode` module is deprecated. Please use a userland alternative instead.
2026-09-17T13:16:16.5407152Z (Use `node --trace-deprecation ...` to show where the warning was created)
2026-09-17T13:16:16.5948111Z With the provided path, there will be 2 files uploaded
2026-09-17T13:16:16.6133246Z Artifact name is valid!
2026-09-17T13:16:16.6317456Z Root directory input is valid!
2026-09-17T13:16:16.7643215Z Beginning upload of artifact content to blob storage
2026-09-17T13:16:16.7927573Z (node:4169) [DEP0169] DeprecationWarning: `url.parse()` behavior is not standardized and prone to errors that have security implications. Use the WHATWG URL API instead. CVEs are not issued for `url.parse()` vulnerabilities.
2026-09-17T13:16:16.8461915Z Uploaded bytes 11240
2026-09-17T13:16:16.8663393Z Finished uploading artifact content to blob storage!
2026-09-17T13:16:16.8669276Z SHA256 digest of uploaded artifact zip is 1bc467ed945c84c928eeedda16f2b61bf7e4f2d0919edc7340caf308fb47be02
2026-09-17T13:16:16.8670956Z Finalizing artifact upload
2026-09-17T13:16:17.1358128Z Artifact runtime-evidence-5b3d7d0b4da4b71260cd12b7c6937680b49b81be.zip successfully finalized. Artifact ID 10499610069
2026-09-17T13:16:17.1378377Z Artifact runtime-evidence-5b3d7d0b4da4b71260cd12b7c6937680b49b81be has been successfully uploaded! Final size is 11240 bytes. Artifact ID is 10499610069
2026-09-17T13:16:17.1398626Z Artifact download URL: https://github.com/ed3c/soodles/actions/runs/35225945057/artifacts/10499610069
2026-09-17T13:16:17.1574726Z Node 20 is being deprecated. This workflow is running with Node 24 by default. If you need to temporarily use Node 20, you can set the ACTIONS_ALLOW_USE_UNSECURE_NODE_VERSION=true environment variable. For more information see: https://github.blog/changelog/2025-09-19-deprecation-of-node-20-on-github-actions-runners/
2026-09-17T13:16:17.1576045Z Post job cleanup.
2026-09-17T13:16:17.2828793Z (node:4182) [DEP0040] DeprecationWarning: The `punycode` module is deprecated. Please use a userland alternative instead.
2026-09-17T13:16:17.2830499Z (Use `node --trace-deprecation ...` to show where the warning was created)
2026-09-17T13:16:17.3030265Z Node 20 is being deprecated. This workflow is running with Node 24 by default. If you need to temporarily use Node 20, you can set the ACTIONS_ALLOW_USE_UNSECURE_NODE_VERSION=true environment variable. For more information see: https://github.blog/changelog/2025-09-19-deprecation-of-node-20-on-github-actions-runners/
2026-09-17T13:16:17.3032540Z Post job cleanup.
2026-09-17T13:16:17.4145263Z [command]/usr/bin/git version
2026-09-17T13:16:17.4237300Z git version 2.55.0
2026-09-17T13:16:17.4328560Z Temporarily overriding HOME='/home/runner/work/_temp/9bf72d6f-7472-4f1c-b6a1-a861c5c90cfb' before making global git config changes
2026-09-17T13:16:17.4330580Z Adding repository directory to the temporary git global config as a safe directory
2026-09-17T13:16:17.4348270Z [command]/usr/bin/git config --global --add safe.directory /home/runner/work/soodles/soodles
2026-09-17T13:16:17.4407423Z [command]/usr/bin/git config --local --name-only --get-regexp core\.sshCommand
2026-09-17T13:16:17.4444760Z [command]/usr/bin/git submodule foreach --recursive sh -c "git config --local --name-only --get-regexp 'core\.sshCommand' && git config --local --unset-all 'core.sshCommand' || :"
2026-09-17T13:16:17.4736292Z [command]/usr/bin/git config --local --name-only --get-regexp http\.https\:\/\/github\.com\/\.extraheader
2026-09-17T13:16:17.4868495Z [command]/usr/bin/git submodule foreach --recursive sh -c "git config --local --name-only --get-regexp 'http\.https\:\/\/github\.com\/\.extraheader' && git config --local --unset-all 'http.https://github.com/.extraheader' || :"
2026-09-17T13:16:17.5183372Z [command]/usr/bin/git config --local --name-only --get-regexp ^includeIf\.gitdir:
2026-09-17T13:16:17.5247370Z [command]/usr/bin/git submodule foreach --recursive git config --local --show-origin --name-only --get-regexp remote.origin.url
2026-09-17T13:16:17.5826474Z Cleaning up orphan processes
2026-09-17T13:16:17.6100959Z ##[warning]Node.js 20 is deprecated. The following actions target Node.js 20 but are being forced to run on Node.js 24: actions/checkout@11d5960a326750d5838078e36cf38b85af677262, actions/setup-python@a26af69be951a213d495a4c3e4e4022e16d87065, actions/upload-artifact@ea165f8d65b6e75b540449e92b4886f43607fa02. For more information see: https://github.blog/changelog/2025-09-19-deprecation-of-node-20-on-github-actions-runners/
