test_actual_git_rename_and_delete_check_both_endpoints (test_issue_admission.IssueAdmissionTests.test_actual_git_rename_and_delete_check_both_endpoints) ... ok
test_candidate_local_or_changed_envelope_cannot_replace_fixed_external_bytes (test_issue_admission.IssueAdmissionTests.test_candidate_local_or_changed_envelope_cannot_replace_fixed_external_bytes) ... ok
test_current_body_digest_cannot_grant_missing_or_wider_authority (test_issue_admission.IssueAdmissionTests.test_current_body_digest_cannot_grant_missing_or_wider_authority) ... ok
test_current_provider_binding_is_normalized_but_non_authorizing (test_issue_admission.IssueAdmissionTests.test_current_provider_binding_is_normalized_but_non_authorizing) ... ok
test_human_template_and_machine_contract_have_the_same_fields (test_issue_admission.IssueAdmissionTests.test_human_template_and_machine_contract_have_the_same_fields) ... ok
test_identity_is_derived_from_provider_fields_not_title_or_prose (test_issue_admission.IssueAdmissionTests.test_identity_is_derived_from_provider_fields_not_title_or_prose) ... ok
test_invalid_paths_and_duplicate_paths_refuse (test_issue_admission.IssueAdmissionTests.test_invalid_paths_and_duplicate_paths_refuse) ... ok
test_one_active_contract_is_required (test_issue_admission.IssueAdmissionTests.test_one_active_contract_is_required) ... ok
test_whole_body_and_revision_changes_require_fresh_envelope (test_issue_admission.IssueAdmissionTests.test_whole_body_and_revision_changes_require_fresh_envelope) ... ok
test_both_real_entry_functions_consume_same_normalized_binding (test_issue_execution.IssueExecutionTests.test_both_real_entry_functions_consume_same_normalized_binding) ... ok
test_clean_descendant_is_not_the_selected_starting_head (test_issue_execution.IssueExecutionTests.test_clean_descendant_is_not_the_selected_starting_head) ... ok
test_cli_missing_supervisor_input_is_structured_and_has_no_effect (test_issue_execution.IssueExecutionTests.test_cli_missing_supervisor_input_is_structured_and_has_no_effect) ... ok
test_completed_label_cannot_hide_a_live_process_group (test_issue_execution.IssueExecutionTests.test_completed_label_cannot_hide_a_live_process_group) ... ok
test_illegal_binding_refuses_both_routes_before_mailbox_effects (test_issue_execution.IssueExecutionTests.test_illegal_binding_refuses_both_routes_before_mailbox_effects) ... ok
test_live_writer_refuses_supervised_takeover_without_resetting_history (test_issue_execution.IssueExecutionTests.test_live_writer_refuses_supervised_takeover_without_resetting_history) ... ok
test_network_failure_names_provider_readback_without_mailbox_effects (test_issue_execution.IssueExecutionTests.test_network_failure_names_provider_readback_without_mailbox_effects) ... ok
test_real_scheduler_provider_entry_also_revalidates_before_launch (test_issue_execution.IssueExecutionTests.test_real_scheduler_provider_entry_also_revalidates_before_launch) ... ok
test_repeated_publication_preserves_one_mailbox_and_prior_admission (test_issue_execution.IssueExecutionTests.test_repeated_publication_preserves_one_mailbox_and_prior_admission) ... ok
test_unknown_owner_revision_refuses_before_publication (test_issue_execution.IssueExecutionTests.test_unknown_owner_revision_refuses_before_publication) ... ok
test_worker_rejects_foreign_dispatch_and_changed_executable (test_issue_execution.IssueExecutionTests.test_worker_rejects_foreign_dispatch_and_changed_executable) ... ok
test_worker_revalidates_live_body_before_executable_effect (test_issue_execution.IssueExecutionTests.test_worker_revalidates_live_body_before_executable_effect) ... ok
test_body_amendment_refuses_prepared_dispatch_without_offer (test_landing.BoundLandingTests.test_body_amendment_refuses_prepared_dispatch_without_offer) ... ok
test_closure_metadata_is_legal_but_body_change_still_refuses (test_landing.BoundLandingTests.test_closure_metadata_is_legal_but_body_change_still_refuses) ... ok
test_completed_bound_order_can_reconcile_and_clean_fixture_worktree (test_landing.BoundLandingTests.test_completed_bound_order_can_reconcile_and_clean_fixture_worktree) ... ok
test_missing_binding_refuses_marked_contract_before_checkpoint (test_landing.BoundLandingTests.test_missing_binding_refuses_marked_contract_before_checkpoint) ... ok
test_outside_delivery_paths_refuse_and_current_paths_pass (test_landing.BoundLandingTests.test_outside_delivery_paths_refuse_and_current_paths_pass) ... ok
test_provider_closure_cannot_resolve_before_original_noodle_order (test_landing.BoundLandingTests.test_provider_closure_cannot_resolve_before_original_noodle_order) ... ok
test_amendment_allows_forward_base_but_preserves_ancestry_controls (test_landing.LandingTests.test_amendment_allows_forward_base_but_preserves_ancestry_controls) ... ok
test_amendment_record_cannot_launder_corrupt_identity_or_unknown_writes (test_landing.LandingTests.test_amendment_record_cannot_launder_corrupt_identity_or_unknown_writes) ... ok
test_base_advances_again_requires_ancestry_from_observed_recovery_base (test_landing.LandingTests.test_base_advances_again_requires_ancestry_from_observed_recovery_base) ... ok
test_checkpoint_cannot_be_overwritten_or_head_retargeted (test_landing.LandingTests.test_checkpoint_cannot_be_overwritten_or_head_retargeted) ... ok
test_cli_help_and_malformed_input_refuse_before_checkpoint (test_landing.LandingTests.test_cli_help_and_malformed_input_refuse_before_checkpoint) ... ok
test_comparison_guidance_preserves_fresh_claim_and_rejects_unconfirmed_endpoint (test_landing.LandingTests.test_comparison_guidance_preserves_fresh_claim_and_rejects_unconfirmed_endpoint) ... ok
test_corrected_verifier_resume_preserves_identity_and_cannot_repeat_provider_writes (test_landing.LandingTests.test_corrected_verifier_resume_preserves_identity_and_cannot_repeat_provider_writes) ... ok
test_crash_after_merge_and_close_resumes_by_readback_without_duplicate_write (test_landing.LandingTests.test_crash_after_merge_and_close_resumes_by_readback_without_duplicate_write) ... ok
test_dirty_root_and_wrong_origin_refuse_before_runtime_or_cleanup (test_landing.LandingTests.test_dirty_root_and_wrong_origin_refuse_before_runtime_or_cleanup) ... ok
test_dispatch_base_drift_invalidates_without_emitting_or_reusing_old_acceptance (test_landing.LandingTests.test_dispatch_base_drift_invalidates_without_emitting_or_reusing_old_acceptance) ... ok
test_foreign_merge_parent_or_tree_cannot_close_issue (test_landing.LandingTests.test_foreign_merge_parent_or_tree_cannot_close_issue) ... ok
test_foreign_repository_tree_base_and_skipped_step_refuse (test_landing.LandingTests.test_foreign_repository_tree_base_and_skipped_step_refuse) ... ok
test_fresh_admission_rejects_identity_changes_stale_acceptance_and_bad_ancestry (test_landing.LandingTests.test_fresh_admission_rejects_identity_changes_stale_acceptance_and_bad_ancestry) ... ok
test_intent_is_persisted_before_exact_head_request_and_no_unchanged_retry (test_landing.LandingTests.test_intent_is_persisted_before_exact_head_request_and_no_unchanged_retry) ... ok
test_invalidation_retains_legacy_empty_admission_and_base_recovery (test_landing.LandingTests.test_invalidation_retains_legacy_empty_admission_and_base_recovery) ... ok
test_legacy_admitted_can_recover_but_legacy_pending_remains_unknown (test_landing.LandingTests.test_legacy_admitted_can_recover_but_legacy_pending_remains_unknown) ... ok
test_legacy_unknown_preserves_identity_and_cleanup_evidence (test_landing.LandingTests.test_legacy_unknown_preserves_identity_and_cleanup_evidence) ... ok
test_malformed_comparison_refuses_exact_field_without_traceback_or_checkpoint_change (test_landing.LandingTests.test_malformed_comparison_refuses_exact_field_without_traceback_or_checkpoint_change) ... ok
test_merged_readback_readmit_retains_fresh_claim_without_adopting_provider_effect (test_landing.LandingTests.test_merged_readback_readmit_retains_fresh_claim_without_adopting_provider_effect) ... ok
test_merged_readback_start_keeps_confirmed_claim_without_creating_checkpoint (test_landing.LandingTests.test_merged_readback_start_keeps_confirmed_claim_without_creating_checkpoint) ... ok
test_missing_or_inconsistent_delivery_evidence_cannot_dispatch (test_landing.LandingTests.test_missing_or_inconsistent_delivery_evidence_cannot_dispatch) ... ok
test_network_child_keeps_proxy_route_without_provider_or_git_injection (test_landing.LandingTests.test_network_child_keeps_proxy_route_without_provider_or_git_injection) ... ok
test_owner_projection_names_missing_input_without_executable_placeholder (test_landing.LandingTests.test_owner_projection_names_missing_input_without_executable_placeholder) ... ok
test_parser_and_refusal_help_are_bound_to_invoked_action (test_landing.LandingTests.test_parser_and_refusal_help_are_bound_to_invoked_action) ... ok
test_prepared_but_unoffered_provider_effect_cannot_be_adopted (test_landing.LandingTests.test_prepared_but_unoffered_provider_effect_cannot_be_adopted) ... ok
test_prepared_intent_is_not_an_offer_and_requires_fresh_identity (test_landing.LandingTests.test_prepared_intent_is_not_an_offer_and_requires_fresh_identity) ... ok
test_reconciliation_cannot_start_before_provider_closure (test_landing.LandingTests.test_reconciliation_cannot_start_before_provider_closure) ... ok
test_recovery_requires_forward_complete_comparison_and_original_subject (test_landing.LandingTests.test_recovery_requires_forward_complete_comparison_and_original_subject) ... ok
test_supervisor_withdraws_green_without_new_ci_or_provider_write (test_landing.LandingTests.test_supervisor_withdraws_green_without_new_ci_or_provider_write) ... ok
test_terminal_has_no_next_or_checkpoint_rewrite_and_reconciling_names_binary (test_landing.LandingTests.test_terminal_has_no_next_or_checkpoint_rewrite_and_reconciling_names_binary) ... ok
test_unoffered_external_merge_or_closure_cannot_resolve_this_checkpoint (test_landing.LandingTests.test_unoffered_external_merge_or_closure_cannot_resolve_this_checkpoint) ... ok
test_wrong_claim_fields_identity_and_verifier_cannot_admit (test_landing.LandingTests.test_wrong_claim_fields_identity_and_verifier_cannot_admit) ... ok
test_wrong_closure_reason_and_closed_unmerged_do_not_resolve (test_landing.LandingTests.test_wrong_closure_reason_and_closed_unmerged_do_not_resolve) ... ok
test_wrong_provider_identities_fail_before_checkpoint (test_landing.LandingTests.test_wrong_provider_identities_fail_before_checkpoint) ... ok

----------------------------------------------------------------------
Ran 61 tests in 7.798s

OK
